device: cuda
Using 1 GPUs
[1,    10] loss: 5.452
[1,    20] loss: 2.639
[1,    30] loss: 2.225
[1,    40] loss: 2.147
[1,    50] loss: 2.049
[1,    60] loss: 1.976
[1,    70] loss: 1.884
[1,    80] loss: 1.985
[1,    90] loss: 1.944
[1,   100] loss: 1.865
[1,   110] loss: 1.775
[1,   120] loss: 1.755
[1,   130] loss: 1.798
[1,   140] loss: 1.787
[1,   150] loss: 1.870
[1,   160] loss: 1.837
[1,   170] loss: 1.870
[1,   180] loss: 1.464
[1,   190] loss: 1.767
[1,   200] loss: 1.627
[1,   210] loss: 1.662
[1,   220] loss: 1.579
[1,   230] loss: 1.867
[1,   240] loss: 1.845
[1,   250] loss: 1.836
[1,   260] loss: 1.607
[1,   270] loss: 1.784
[1,   280] loss: 1.703
[1,   290] loss: 1.752
[1,   300] loss: 1.597
[1,   310] loss: 1.622
[1,   320] loss: 1.799
[1,   330] loss: 1.591
[1,   340] loss: 1.716
[1,   350] loss: 1.796
[1,   360] loss: 1.787
[1,   370] loss: 1.794
[1,   380] loss: 1.689
[1,   390] loss: 1.792
[1,   400] loss: 1.757
[1,   410] loss: 1.740
[1,   420] loss: 1.779
[1,   430] loss: 1.777
[1,   440] loss: 1.602
[1,   450] loss: 1.500
[1,   460] loss: 1.644
[1,   470] loss: 1.559
[1,   480] loss: 1.853
[1,   490] loss: 1.766
[1,   500] loss: 1.717
[1,   510] loss: 1.699
[1,   520] loss: 1.521
[1,   530] loss: 1.690
[1,   540] loss: 1.629
[1,   550] loss: 1.567
[1,   560] loss: 1.690
[1,   570] loss: 1.683
[1,   580] loss: 1.776
[1,   590] loss: 1.799
[1,   600] loss: 1.588
[1,   610] loss: 1.763
[1,   620] loss: 1.562
[1,   630] loss: 1.558
[1,   640] loss: 1.645
[1,   650] loss: 1.840
[1,   660] loss: 1.742
[1,   670] loss: 1.537
[1,   680] loss: 1.584
[1,   690] loss: 1.682
[1,   700] loss: 1.711
[1,   710] loss: 1.528
[1,   720] loss: 1.628
[1,   730] loss: 1.546
[1,   740] loss: 1.675
[1,   750] loss: 1.560
[1,   760] loss: 1.738
[1,   770] loss: 1.561
[1,   780] loss: 1.675
[1,   790] loss: 1.839
[1,   800] loss: 1.714
[1,   810] loss: 1.585
[1,   820] loss: 1.679
[1,   830] loss: 1.568
[1,   840] loss: 1.556
Average Loss for Epoch: 8.098006595405524
[2,    10] loss: 2.788
[2,    20] loss: 1.499
[2,    30] loss: 1.728
[2,    40] loss: 1.353
[2,    50] loss: 1.687
[2,    60] loss: 1.600
[2,    70] loss: 1.666
[2,    80] loss: 1.457
[2,    90] loss: 1.398
[2,   100] loss: 1.666
[2,   110] loss: 1.468
[2,   120] loss: 1.408
[2,   130] loss: 1.638
[2,   140] loss: 1.555
[2,   150] loss: 1.641
[2,   160] loss: 1.694
[2,   170] loss: 1.583
[2,   180] loss: 1.717
[2,   190] loss: 1.556
[2,   200] loss: 1.516
[2,   210] loss: 1.740
[2,   220] loss: 1.485
[2,   230] loss: 1.503
[2,   240] loss: 1.510
[2,   250] loss: 1.406
[2,   260] loss: 1.487
[2,   270] loss: 1.545
[2,   280] loss: 1.639
[2,   290] loss: 1.284
[2,   300] loss: 1.550
[2,   310] loss: 1.620
[2,   320] loss: 1.517
[2,   330] loss: 1.596
[2,   340] loss: 1.479
[2,   350] loss: 1.614
[2,   360] loss: 1.505
[2,   370] loss: 1.685
[2,   380] loss: 1.450
[2,   390] loss: 1.693
[2,   400] loss: 1.526
[2,   410] loss: 1.531
[2,   420] loss: 1.572
[2,   430] loss: 1.511
[2,   440] loss: 1.532
[2,   450] loss: 1.517
[2,   460] loss: 1.522
[2,   470] loss: 1.487
[2,   480] loss: 1.655
[2,   490] loss: 1.497
[2,   500] loss: 1.637
[2,   510] loss: 1.408
[2,   520] loss: 1.605
[2,   530] loss: 1.638
[2,   540] loss: 1.578
[2,   550] loss: 1.543
[2,   560] loss: 1.492
[2,   570] loss: 1.398
[2,   580] loss: 1.493
[2,   590] loss: 1.534
[2,   600] loss: 1.727
[2,   610] loss: 1.367
[2,   620] loss: 1.579
[2,   630] loss: 1.634
[2,   640] loss: 1.405
[2,   650] loss: 1.457
[2,   660] loss: 1.472
[2,   670] loss: 1.463
[2,   680] loss: 1.506
[2,   690] loss: 1.472
[2,   700] loss: 1.511
[2,   710] loss: 1.311
[2,   720] loss: 1.277
[2,   730] loss: 1.307
[2,   740] loss: 1.462
[2,   750] loss: 1.511
[2,   760] loss: 1.567
[2,   770] loss: 1.429
[2,   780] loss: 1.462
[2,   790] loss: 1.449
[2,   800] loss: 1.423
[2,   810] loss: 1.223
[2,   820] loss: 1.475
[2,   830] loss: 1.342
[2,   840] loss: 1.339
Average Loss for Epoch: 6.966322776453554
[3,    10] loss: 2.802
[3,    20] loss: 1.759
[3,    30] loss: 1.609
[3,    40] loss: 1.360
[3,    50] loss: 1.571
[3,    60] loss: 1.318
[3,    70] loss: 1.450
[3,    80] loss: 1.424
[3,    90] loss: 1.391
[3,   100] loss: 1.332
[3,   110] loss: 1.320
[3,   120] loss: 1.647
[3,   130] loss: 1.426
[3,   140] loss: 1.491
[3,   150] loss: 1.296
[3,   160] loss: 1.393
[3,   170] loss: 1.262
[3,   180] loss: 1.244
[3,   190] loss: 1.329
[3,   200] loss: 1.342
[3,   210] loss: 1.478
[3,   220] loss: 1.386
[3,   230] loss: 1.396
[3,   240] loss: 1.524
[3,   250] loss: 1.355
[3,   260] loss: 1.333
[3,   270] loss: 1.535
[3,   280] loss: 1.477
[3,   290] loss: 1.571
[3,   300] loss: 1.305
[3,   310] loss: 1.629
[3,   320] loss: 1.419
[3,   330] loss: 1.475
[3,   340] loss: 1.502
[3,   350] loss: 1.270
[3,   360] loss: 1.365
[3,   370] loss: 1.339
[3,   380] loss: 1.409
[3,   390] loss: 1.312
[3,   400] loss: 1.303
[3,   410] loss: 1.322
[3,   420] loss: 1.453
[3,   430] loss: 1.307
[3,   440] loss: 1.369
[3,   450] loss: 1.431
[3,   460] loss: 1.394
[3,   470] loss: 1.381
[3,   480] loss: 1.260
[3,   490] loss: 1.396
[3,   500] loss: 1.423
[3,   510] loss: 1.321
[3,   520] loss: 1.315
[3,   530] loss: 1.392
[3,   540] loss: 1.253
[3,   550] loss: 1.467
[3,   560] loss: 1.411
[3,   570] loss: 1.305
[3,   580] loss: 1.413
[3,   590] loss: 1.338
[3,   600] loss: 1.297
[3,   610] loss: 1.412
[3,   620] loss: 1.253
[3,   630] loss: 1.205
[3,   640] loss: 1.465
[3,   650] loss: 1.407
[3,   660] loss: 1.445
[3,   670] loss: 1.467
[3,   680] loss: 1.367
[3,   690] loss: 1.648
[3,   700] loss: 1.156
[3,   710] loss: 1.451
[3,   720] loss: 1.412
[3,   730] loss: 1.390
[3,   740] loss: 1.312
[3,   750] loss: 1.399
[3,   760] loss: 1.452
[3,   770] loss: 1.256
[3,   780] loss: 1.302
[3,   790] loss: 1.552
[3,   800] loss: 1.366
[3,   810] loss: 1.355
[3,   820] loss: 1.359
[3,   830] loss: 1.350
[3,   840] loss: 1.197
Average Loss for Epoch: 6.361772172038642
[4,    10] loss: 2.148
[4,    20] loss: 1.203
[4,    30] loss: 1.096
[4,    40] loss: 1.305
[4,    50] loss: 1.279
[4,    60] loss: 1.376
[4,    70] loss: 1.340
[4,    80] loss: 1.376
[4,    90] loss: 1.331
[4,   100] loss: 1.253
[4,   110] loss: 1.363
[4,   120] loss: 1.252
[4,   130] loss: 1.332
[4,   140] loss: 1.294
[4,   150] loss: 1.476
[4,   160] loss: 1.373
[4,   170] loss: 1.248
[4,   180] loss: 1.334
[4,   190] loss: 1.384
[4,   200] loss: 1.409
[4,   210] loss: 1.265
[4,   220] loss: 1.401
[4,   230] loss: 1.179
[4,   240] loss: 1.277
[4,   250] loss: 1.293
[4,   260] loss: 1.390
[4,   270] loss: 1.260
[4,   280] loss: 1.362
[4,   290] loss: 1.109
[4,   300] loss: 1.249
[4,   310] loss: 1.049
[4,   320] loss: 1.226
[4,   330] loss: 1.256
[4,   340] loss: 1.347
[4,   350] loss: 1.318
[4,   360] loss: 1.302
[4,   370] loss: 1.198
[4,   380] loss: 1.209
[4,   390] loss: 1.243
[4,   400] loss: 1.417
[4,   410] loss: 1.226
[4,   420] loss: 1.365
[4,   430] loss: 1.285
[4,   440] loss: 1.301
[4,   450] loss: 1.300
[4,   460] loss: 1.443
[4,   470] loss: 1.240
[4,   480] loss: 1.326
[4,   490] loss: 1.337
[4,   500] loss: 1.292
[4,   510] loss: 1.346
[4,   520] loss: 1.322
[4,   530] loss: 1.242
[4,   540] loss: 1.328
[4,   550] loss: 1.226
[4,   560] loss: 1.190
[4,   570] loss: 1.262
[4,   580] loss: 1.476
[4,   590] loss: 1.351
[4,   600] loss: 1.291
[4,   610] loss: 1.267
[4,   620] loss: 1.335
[4,   630] loss: 1.446
[4,   640] loss: 1.410
[4,   650] loss: 1.216
[4,   660] loss: 1.213
[4,   670] loss: 1.157
[4,   680] loss: 1.113
[4,   690] loss: 1.207
[4,   700] loss: 1.372
[4,   710] loss: 1.502
[4,   720] loss: 1.187
[4,   730] loss: 1.212
[4,   740] loss: 1.190
[4,   750] loss: 1.345
[4,   760] loss: 1.353
[4,   770] loss: 1.386
[4,   780] loss: 1.258
[4,   790] loss: 1.478
[4,   800] loss: 1.278
[4,   810] loss: 1.350
[4,   820] loss: 1.289
[4,   830] loss: 1.238
[4,   840] loss: 1.250
Average Loss for Epoch: 5.910367484920281
[5,    10] loss: 2.090
[5,    20] loss: 1.353
[5,    30] loss: 1.146
[5,    40] loss: 1.268
[5,    50] loss: 1.100
[5,    60] loss: 1.238
[5,    70] loss: 1.164
[5,    80] loss: 1.174
[5,    90] loss: 1.245
[5,   100] loss: 1.089
[5,   110] loss: 1.186
[5,   120] loss: 1.316
[5,   130] loss: 1.277
[5,   140] loss: 1.140
[5,   150] loss: 1.285
[5,   160] loss: 1.230
[5,   170] loss: 1.127
[5,   180] loss: 1.186
[5,   190] loss: 1.190
[5,   200] loss: 1.247
[5,   210] loss: 1.215
[5,   220] loss: 1.279
[5,   230] loss: 1.333
[5,   240] loss: 1.256
[5,   250] loss: 0.950
[5,   260] loss: 1.151
[5,   270] loss: 1.192
[5,   280] loss: 1.104
[5,   290] loss: 1.148
[5,   300] loss: 1.264
[5,   310] loss: 1.254
[5,   320] loss: 1.225
[5,   330] loss: 1.374
[5,   340] loss: 1.293
[5,   350] loss: 1.337
[5,   360] loss: 1.314
[5,   370] loss: 1.242
[5,   380] loss: 1.043
[5,   390] loss: 1.127
[5,   400] loss: 1.305
[5,   410] loss: 1.106
[5,   420] loss: 1.158
[5,   430] loss: 1.223
[5,   440] loss: 1.314
[5,   450] loss: 1.134
[5,   460] loss: 1.196
[5,   470] loss: 1.348
[5,   480] loss: 1.219
[5,   490] loss: 1.231
[5,   500] loss: 1.191
[5,   510] loss: 1.381
[5,   520] loss: 1.138
[5,   530] loss: 1.310
[5,   540] loss: 1.173
[5,   550] loss: 1.196
[5,   560] loss: 1.218
[5,   570] loss: 1.252
[5,   580] loss: 1.166
[5,   590] loss: 1.193
[5,   600] loss: 1.284
[5,   610] loss: 1.192
[5,   620] loss: 1.243
[5,   630] loss: 1.217
[5,   640] loss: 1.253
[5,   650] loss: 1.265
[5,   660] loss: 1.264
[5,   670] loss: 1.163
[5,   680] loss: 1.282
[5,   690] loss: 1.348
[5,   700] loss: 1.246
[5,   710] loss: 1.200
[5,   720] loss: 1.281
[5,   730] loss: 1.306
[5,   740] loss: 1.352
[5,   750] loss: 1.015
[5,   760] loss: 1.270
[5,   770] loss: 1.277
[5,   780] loss: 1.247
[5,   790] loss: 1.042
[5,   800] loss: 1.306
[5,   810] loss: 1.248
[5,   820] loss: 1.157
[5,   830] loss: 1.160
[5,   840] loss: 1.358
Average Loss for Epoch: 5.559131132036342
[6,    10] loss: 2.091
[6,    20] loss: 1.040
[6,    30] loss: 1.200
[6,    40] loss: 1.277
[6,    50] loss: 1.359
[6,    60] loss: 1.153
[6,    70] loss: 1.077
[6,    80] loss: 1.313
[6,    90] loss: 1.149
[6,   100] loss: 1.095
[6,   110] loss: 1.210
[6,   120] loss: 1.309
[6,   130] loss: 1.269
[6,   140] loss: 1.278
[6,   150] loss: 1.147
[6,   160] loss: 1.081
[6,   170] loss: 1.197
[6,   180] loss: 1.126
[6,   190] loss: 1.218
[6,   200] loss: 1.384
[6,   210] loss: 1.283
[6,   220] loss: 1.282
[6,   230] loss: 1.211
[6,   240] loss: 1.239
[6,   250] loss: 1.208
[6,   260] loss: 1.134
[6,   270] loss: 1.058
[6,   280] loss: 1.257
[6,   290] loss: 1.225
[6,   300] loss: 1.356
[6,   310] loss: 1.122
[6,   320] loss: 1.190
[6,   330] loss: 1.139
[6,   340] loss: 1.259
[6,   350] loss: 1.217
[6,   360] loss: 1.288
[6,   370] loss: 1.144
[6,   380] loss: 1.297
[6,   390] loss: 1.171
[6,   400] loss: 1.243
[6,   410] loss: 1.138
[6,   420] loss: 1.212
[6,   430] loss: 1.102
[6,   440] loss: 1.069
[6,   450] loss: 1.231
[6,   460] loss: 1.223
[6,   470] loss: 1.270
[6,   480] loss: 1.284
[6,   490] loss: 1.283
[6,   500] loss: 1.022
[6,   510] loss: 1.066
[6,   520] loss: 1.257
[6,   530] loss: 1.174
[6,   540] loss: 1.142
[6,   550] loss: 1.159
[6,   560] loss: 1.151
[6,   570] loss: 1.143
[6,   580] loss: 1.266
[6,   590] loss: 1.143
[6,   600] loss: 1.231
[6,   610] loss: 1.285
[6,   620] loss: 1.278
[6,   630] loss: 1.200
[6,   640] loss: 1.108
[6,   650] loss: 1.122
[6,   660] loss: 1.007
[6,   670] loss: 1.249
[6,   680] loss: 1.312
[6,   690] loss: 1.185
[6,   700] loss: 1.166
[6,   710] loss: 1.280
[6,   720] loss: 0.903
[6,   730] loss: 1.223
[6,   740] loss: 1.138
[6,   750] loss: 1.244
[6,   760] loss: 1.126
[6,   770] loss: 0.996
[6,   780] loss: 1.172
[6,   790] loss: 1.104
[6,   800] loss: 1.090
[6,   810] loss: 0.996
[6,   820] loss: 1.065
[6,   830] loss: 1.061
[6,   840] loss: 1.104
Average Loss for Epoch: 5.470150032460056
[7,    10] loss: 1.825
[7,    20] loss: 0.974
[7,    30] loss: 1.197
[7,    40] loss: 1.178
[7,    50] loss: 1.205
[7,    60] loss: 1.218
[7,    70] loss: 1.145
[7,    80] loss: 1.050
[7,    90] loss: 1.360
[7,   100] loss: 1.183
[7,   110] loss: 1.315
[7,   120] loss: 1.245
[7,   130] loss: 1.144
[7,   140] loss: 1.237
[7,   150] loss: 1.015
[7,   160] loss: 1.233
[7,   170] loss: 1.082
[7,   180] loss: 1.101
[7,   190] loss: 1.224
[7,   200] loss: 1.025
[7,   210] loss: 1.104
[7,   220] loss: 1.193
[7,   230] loss: 0.974
[7,   240] loss: 1.232
[7,   250] loss: 1.194
[7,   260] loss: 1.165
[7,   270] loss: 1.122
[7,   280] loss: 1.045
[7,   290] loss: 1.238
[7,   300] loss: 1.191
[7,   310] loss: 1.057
[7,   320] loss: 0.997
[7,   330] loss: 1.111
[7,   340] loss: 1.014
[7,   350] loss: 0.926
[7,   360] loss: 0.957
[7,   370] loss: 1.100
[7,   380] loss: 1.211
[7,   390] loss: 1.215
[7,   400] loss: 1.209
[7,   410] loss: 1.284
[7,   420] loss: 0.960
[7,   430] loss: 1.295
[7,   440] loss: 1.171
[7,   450] loss: 1.066
[7,   460] loss: 1.137
[7,   470] loss: 0.972
[7,   480] loss: 1.184
[7,   490] loss: 1.103
[7,   500] loss: 1.080
[7,   510] loss: 1.234
[7,   520] loss: 1.184
[7,   530] loss: 1.008
[7,   540] loss: 1.254
[7,   550] loss: 1.145
[7,   560] loss: 1.058
[7,   570] loss: 1.024
[7,   580] loss: 1.107
[7,   590] loss: 1.039
[7,   600] loss: 1.210
[7,   610] loss: 1.170
[7,   620] loss: 1.195
[7,   630] loss: 1.156
[7,   640] loss: 1.023
[7,   650] loss: 1.046
[7,   660] loss: 1.150
[7,   670] loss: 1.174
[7,   680] loss: 1.046
[7,   690] loss: 1.136
[7,   700] loss: 1.103
[7,   710] loss: 1.264
[7,   720] loss: 1.100
[7,   730] loss: 1.124
[7,   740] loss: 1.239
[7,   750] loss: 1.103
[7,   760] loss: 1.118
[7,   770] loss: 1.100
[7,   780] loss: 1.203
[7,   790] loss: 1.148
[7,   800] loss: 1.023
[7,   810] loss: 1.085
[7,   820] loss: 1.127
[7,   830] loss: 1.200
[7,   840] loss: 1.202
Average Loss for Epoch: 5.140145550634813
[8,    10] loss: 2.024
[8,    20] loss: 1.286
[8,    30] loss: 1.050
[8,    40] loss: 0.931
[8,    50] loss: 1.091
[8,    60] loss: 1.135
[8,    70] loss: 1.152
[8,    80] loss: 0.983
[8,    90] loss: 1.100
[8,   100] loss: 1.102
[8,   110] loss: 1.098
[8,   120] loss: 1.141
[8,   130] loss: 1.055
[8,   140] loss: 1.170
[8,   150] loss: 1.009
[8,   160] loss: 1.238
[8,   170] loss: 1.111
[8,   180] loss: 1.137
[8,   190] loss: 1.140
[8,   200] loss: 0.936
[8,   210] loss: 1.019
[8,   220] loss: 1.019
[8,   230] loss: 0.974
[8,   240] loss: 0.988
[8,   250] loss: 1.053
[8,   260] loss: 1.044
[8,   270] loss: 1.017
[8,   280] loss: 1.043
[8,   290] loss: 1.073
[8,   300] loss: 1.118
[8,   310] loss: 1.018
[8,   320] loss: 0.986
[8,   330] loss: 0.929
[8,   340] loss: 1.152
[8,   350] loss: 1.006
[8,   360] loss: 1.025
[8,   370] loss: 0.998
[8,   380] loss: 1.022
[8,   390] loss: 1.040
[8,   400] loss: 1.156
[8,   410] loss: 1.106
[8,   420] loss: 1.015
[8,   430] loss: 1.162
[8,   440] loss: 0.995
[8,   450] loss: 1.146
[8,   460] loss: 0.986
[8,   470] loss: 1.092
[8,   480] loss: 1.151
[8,   490] loss: 1.247
[8,   500] loss: 1.142
[8,   510] loss: 1.172
[8,   520] loss: 1.015
[8,   530] loss: 1.109
[8,   540] loss: 1.175
[8,   550] loss: 1.105
[8,   560] loss: 1.131
[8,   570] loss: 1.062
[8,   580] loss: 0.946
[8,   590] loss: 1.006
[8,   600] loss: 1.143
[8,   610] loss: 1.051
[8,   620] loss: 1.021
[8,   630] loss: 1.181
[8,   640] loss: 1.014
[8,   650] loss: 1.004
[8,   660] loss: 0.993
[8,   670] loss: 1.065
[8,   680] loss: 1.125
[8,   690] loss: 1.006
[8,   700] loss: 1.138
[8,   710] loss: 1.101
[8,   720] loss: 1.038
[8,   730] loss: 1.122
[8,   740] loss: 1.072
[8,   750] loss: 1.151
[8,   760] loss: 1.169
[8,   770] loss: 1.075
[8,   780] loss: 1.008
[8,   790] loss: 1.100
[8,   800] loss: 1.031
[8,   810] loss: 1.034
[8,   820] loss: 0.940
[8,   830] loss: 0.985
[8,   840] loss: 1.086
Average Loss for Epoch: 4.971916712020055
[9,    10] loss: 1.868
[9,    20] loss: 1.157
[9,    30] loss: 1.015
[9,    40] loss: 0.919
[9,    50] loss: 0.917
[9,    60] loss: 0.985
[9,    70] loss: 0.895
[9,    80] loss: 1.007
[9,    90] loss: 0.994
[9,   100] loss: 1.128
[9,   110] loss: 0.943
[9,   120] loss: 1.096
[9,   130] loss: 0.998
[9,   140] loss: 0.971
[9,   150] loss: 1.079
[9,   160] loss: 0.921
[9,   170] loss: 1.057
[9,   180] loss: 0.962
[9,   190] loss: 0.978
[9,   200] loss: 0.994
[9,   210] loss: 0.945
[9,   220] loss: 1.031
[9,   230] loss: 1.078
[9,   240] loss: 1.097
[9,   250] loss: 1.168
[9,   260] loss: 1.130
[9,   270] loss: 1.092
[9,   280] loss: 1.200
[9,   290] loss: 1.000
[9,   300] loss: 1.025
[9,   310] loss: 1.026
[9,   320] loss: 1.120
[9,   330] loss: 0.953
[9,   340] loss: 1.050
[9,   350] loss: 0.967
[9,   360] loss: 1.007
[9,   370] loss: 1.116
[9,   380] loss: 1.068
[9,   390] loss: 0.927
[9,   400] loss: 1.006
[9,   410] loss: 1.113
[9,   420] loss: 1.083
[9,   430] loss: 0.937
[9,   440] loss: 1.015
[9,   450] loss: 0.995
[9,   460] loss: 1.227
[9,   470] loss: 0.882
[9,   480] loss: 1.067
[9,   490] loss: 1.029
[9,   500] loss: 1.070
[9,   510] loss: 0.956
[9,   520] loss: 1.178
[9,   530] loss: 1.000
[9,   540] loss: 1.097
[9,   550] loss: 1.091
[9,   560] loss: 1.029
[9,   570] loss: 1.048
[9,   580] loss: 1.048
[9,   590] loss: 0.900
[9,   600] loss: 0.972
[9,   610] loss: 1.111
[9,   620] loss: 1.181
[9,   630] loss: 1.011
[9,   640] loss: 1.007
[9,   650] loss: 1.057
[9,   660] loss: 1.012
[9,   670] loss: 0.940
[9,   680] loss: 0.992
[9,   690] loss: 1.113
[9,   700] loss: 1.024
[9,   710] loss: 1.077
[9,   720] loss: 1.124
[9,   730] loss: 1.055
[9,   740] loss: 0.979
[9,   750] loss: 1.041
[9,   760] loss: 1.150
[9,   770] loss: 0.979
[9,   780] loss: 1.058
[9,   790] loss: 1.067
[9,   800] loss: 1.109
[9,   810] loss: 1.037
[9,   820] loss: 1.014
[9,   830] loss: 1.006
[9,   840] loss: 0.983
Average Loss for Epoch: 4.6920591372701885
[10,    10] loss: 1.778
[10,    20] loss: 0.860
[10,    30] loss: 1.034
[10,    40] loss: 0.996
[10,    50] loss: 1.144
[10,    60] loss: 0.973
[10,    70] loss: 0.947
[10,    80] loss: 0.894
[10,    90] loss: 0.975
[10,   100] loss: 0.951
[10,   110] loss: 0.799
[10,   120] loss: 0.823
[10,   130] loss: 1.154
[10,   140] loss: 0.789
[10,   150] loss: 1.053
[10,   160] loss: 0.963
[10,   170] loss: 1.003
[10,   180] loss: 0.947
[10,   190] loss: 0.994
[10,   200] loss: 0.952
[10,   210] loss: 0.934
[10,   220] loss: 1.016
[10,   230] loss: 1.002
[10,   240] loss: 1.031
[10,   250] loss: 1.012
[10,   260] loss: 0.918
[10,   270] loss: 0.867
[10,   280] loss: 0.768
[10,   290] loss: 0.979
[10,   300] loss: 1.045
[10,   310] loss: 0.839
[10,   320] loss: 0.922
[10,   330] loss: 1.097
[10,   340] loss: 1.107
[10,   350] loss: 1.048
[10,   360] loss: 1.015
[10,   370] loss: 1.103
[10,   380] loss: 1.111
[10,   390] loss: 0.961
[10,   400] loss: 1.032
[10,   410] loss: 0.927
[10,   420] loss: 1.011
[10,   430] loss: 0.943
[10,   440] loss: 0.937
[10,   450] loss: 0.952
[10,   460] loss: 0.885
[10,   470] loss: 1.036
[10,   480] loss: 0.886
[10,   490] loss: 1.011
[10,   500] loss: 0.963
[10,   510] loss: 1.064
[10,   520] loss: 1.140
[10,   530] loss: 1.152
[10,   540] loss: 1.118
[10,   550] loss: 1.036
[10,   560] loss: 1.021
[10,   570] loss: 0.972
[10,   580] loss: 1.022
[10,   590] loss: 1.034
[10,   600] loss: 0.973
[10,   610] loss: 1.096
[10,   620] loss: 0.939
[10,   630] loss: 1.140
[10,   640] loss: 0.993
[10,   650] loss: 1.037
[10,   660] loss: 1.102
[10,   670] loss: 1.120
[10,   680] loss: 1.065
[10,   690] loss: 1.045
[10,   700] loss: 1.045
[10,   710] loss: 1.123
[10,   720] loss: 1.017
[10,   730] loss: 1.037
[10,   740] loss: 0.998
[10,   750] loss: 1.071
[10,   760] loss: 0.873
[10,   770] loss: 1.017
[10,   780] loss: 0.858
[10,   790] loss: 0.855
[10,   800] loss: 0.888
[10,   810] loss: 1.260
[10,   820] loss: 0.927
[10,   830] loss: 1.078
[10,   840] loss: 1.000
Average Loss for Epoch: 4.571355168449274
[11,    10] loss: 1.627
[11,    20] loss: 0.918
[11,    30] loss: 0.856
[11,    40] loss: 0.923
[11,    50] loss: 0.756
[11,    60] loss: 0.840
[11,    70] loss: 1.020
[11,    80] loss: 1.140
[11,    90] loss: 0.980
[11,   100] loss: 0.933
[11,   110] loss: 1.011
[11,   120] loss: 1.048
[11,   130] loss: 0.910
[11,   140] loss: 1.021
[11,   150] loss: 0.806
[11,   160] loss: 0.963
[11,   170] loss: 1.027
[11,   180] loss: 0.803
[11,   190] loss: 0.884
[11,   200] loss: 0.877
[11,   210] loss: 1.025
[11,   220] loss: 1.054
[11,   230] loss: 1.011
[11,   240] loss: 1.009
[11,   250] loss: 0.918
[11,   260] loss: 0.846
[11,   270] loss: 0.904
[11,   280] loss: 0.885
[11,   290] loss: 0.982
[11,   300] loss: 1.025
[11,   310] loss: 0.923
[11,   320] loss: 0.874
[11,   330] loss: 1.002
[11,   340] loss: 0.989
[11,   350] loss: 0.948
[11,   360] loss: 1.114
[11,   370] loss: 1.118
[11,   380] loss: 1.111
[11,   390] loss: 0.932
[11,   400] loss: 0.948
[11,   410] loss: 1.147
[11,   420] loss: 0.876
[11,   430] loss: 1.033
[11,   440] loss: 1.138
[11,   450] loss: 1.144
[11,   460] loss: 1.021
[11,   470] loss: 0.811
[11,   480] loss: 0.986
[11,   490] loss: 0.950
[11,   500] loss: 0.917
[11,   510] loss: 0.977
[11,   520] loss: 1.022
[11,   530] loss: 0.869
[11,   540] loss: 1.021
[11,   550] loss: 1.065
[11,   560] loss: 0.919
[11,   570] loss: 0.963
[11,   580] loss: 0.889
[11,   590] loss: 1.041
[11,   600] loss: 0.849
[11,   610] loss: 0.911
[11,   620] loss: 0.925
[11,   630] loss: 0.850
[11,   640] loss: 1.053
[11,   650] loss: 0.966
[11,   660] loss: 0.852
[11,   670] loss: 0.915
[11,   680] loss: 0.943
[11,   690] loss: 0.988
[11,   700] loss: 0.967
[11,   710] loss: 0.795
[11,   720] loss: 0.866
[11,   730] loss: 0.996
[11,   740] loss: 1.098
[11,   750] loss: 1.165
[11,   760] loss: 1.055
[11,   770] loss: 1.017
[11,   780] loss: 0.863
[11,   790] loss: 1.037
[11,   800] loss: 0.901
[11,   810] loss: 0.952
[11,   820] loss: 1.058
[11,   830] loss: 1.031
[11,   840] loss: 0.950
Average Loss for Epoch: 4.426223625874294
[12,    10] loss: 1.588
[12,    20] loss: 0.906
[12,    30] loss: 0.924
[12,    40] loss: 0.899
[12,    50] loss: 0.875
[12,    60] loss: 0.940
[12,    70] loss: 0.994
[12,    80] loss: 0.815
[12,    90] loss: 0.994
[12,   100] loss: 0.944
[12,   110] loss: 0.867
[12,   120] loss: 0.876
[12,   130] loss: 0.854
[12,   140] loss: 0.851
[12,   150] loss: 0.931
[12,   160] loss: 0.990
[12,   170] loss: 1.078
[12,   180] loss: 0.852
[12,   190] loss: 0.825
[12,   200] loss: 0.892
[12,   210] loss: 0.966
[12,   220] loss: 0.965
[12,   230] loss: 0.976
[12,   240] loss: 1.008
[12,   250] loss: 0.811
[12,   260] loss: 0.900
[12,   270] loss: 0.961
[12,   280] loss: 1.037
[12,   290] loss: 0.925
[12,   300] loss: 0.907
[12,   310] loss: 0.812
[12,   320] loss: 0.952
[12,   330] loss: 0.976
[12,   340] loss: 0.769
[12,   350] loss: 0.908
[12,   360] loss: 0.989
[12,   370] loss: 0.921
[12,   380] loss: 0.910
[12,   390] loss: 0.852
[12,   400] loss: 0.894
[12,   410] loss: 0.910
[12,   420] loss: 0.855
[12,   430] loss: 0.954
[12,   440] loss: 0.970
[12,   450] loss: 0.998
[12,   460] loss: 0.948
[12,   470] loss: 0.936
[12,   480] loss: 0.871
[12,   490] loss: 0.935
[12,   500] loss: 1.040
[12,   510] loss: 0.977
[12,   520] loss: 0.977
[12,   530] loss: 0.841
[12,   540] loss: 0.906
[12,   550] loss: 1.001
[12,   560] loss: 0.826
[12,   570] loss: 0.948
[12,   580] loss: 1.014
[12,   590] loss: 0.916
[12,   600] loss: 0.917
[12,   610] loss: 1.082
[12,   620] loss: 0.922
[12,   630] loss: 0.858
[12,   640] loss: 0.834
[12,   650] loss: 1.088
[12,   660] loss: 0.808
[12,   670] loss: 0.947
[12,   680] loss: 1.006
[12,   690] loss: 0.885
[12,   700] loss: 0.895
[12,   710] loss: 0.882
[12,   720] loss: 0.966
[12,   730] loss: 0.948
[12,   740] loss: 0.894
[12,   750] loss: 0.812
[12,   760] loss: 0.871
[12,   770] loss: 0.918
[12,   780] loss: 0.905
[12,   790] loss: 0.888
[12,   800] loss: 0.919
[12,   810] loss: 0.955
[12,   820] loss: 0.930
[12,   830] loss: 0.977
[12,   840] loss: 0.995
Average Loss for Epoch: 4.211509313817007
[13,    10] loss: 1.295
[13,    20] loss: 0.966
[13,    30] loss: 0.827
[13,    40] loss: 0.857
[13,    50] loss: 0.887
[13,    60] loss: 0.949
[13,    70] loss: 0.861
[13,    80] loss: 0.800
[13,    90] loss: 0.887
[13,   100] loss: 0.907
[13,   110] loss: 0.990
[13,   120] loss: 0.808
[13,   130] loss: 0.972
[13,   140] loss: 0.884
[13,   150] loss: 0.897
[13,   160] loss: 0.874
[13,   170] loss: 0.838
[13,   180] loss: 0.786
[13,   190] loss: 0.807
[13,   200] loss: 0.892
[13,   210] loss: 0.794
[13,   220] loss: 0.890
[13,   230] loss: 0.783
[13,   240] loss: 0.798
[13,   250] loss: 0.781
[13,   260] loss: 0.763
[13,   270] loss: 0.908
[13,   280] loss: 0.930
[13,   290] loss: 1.021
[13,   300] loss: 0.909
[13,   310] loss: 0.912
[13,   320] loss: 0.842
[13,   330] loss: 0.903
[13,   340] loss: 0.921
[13,   350] loss: 0.997
[13,   360] loss: 0.809
[13,   370] loss: 0.985
[13,   380] loss: 0.820
[13,   390] loss: 0.874
[13,   400] loss: 0.976
[13,   410] loss: 0.993
[13,   420] loss: 0.972
[13,   430] loss: 0.844
[13,   440] loss: 1.008
[13,   450] loss: 0.926
[13,   460] loss: 0.921
[13,   470] loss: 0.693
[13,   480] loss: 0.870
[13,   490] loss: 1.051
[13,   500] loss: 0.862
[13,   510] loss: 0.806
[13,   520] loss: 1.017
[13,   530] loss: 0.820
[13,   540] loss: 0.823
[13,   550] loss: 0.781
[13,   560] loss: 0.923
[13,   570] loss: 0.976
[13,   580] loss: 0.953
[13,   590] loss: 0.762
[13,   600] loss: 0.909
[13,   610] loss: 0.809
[13,   620] loss: 0.746
[13,   630] loss: 0.777
[13,   640] loss: 1.015
[13,   650] loss: 0.829
[13,   660] loss: 0.833
[13,   670] loss: 0.921
[13,   680] loss: 0.754
[13,   690] loss: 0.830
[13,   700] loss: 0.882
[13,   710] loss: 0.864
[13,   720] loss: 1.004
[13,   730] loss: 0.893
[13,   740] loss: 0.833
[13,   750] loss: 0.875
[13,   760] loss: 0.945
[13,   770] loss: 0.970
[13,   780] loss: 0.802
[13,   790] loss: 0.894
[13,   800] loss: 0.933
[13,   810] loss: 0.954
[13,   820] loss: 1.028
[13,   830] loss: 0.960
[13,   840] loss: 0.830
Average Loss for Epoch: 4.039718389968523
[14,    10] loss: 1.624
[14,    20] loss: 0.795
[14,    30] loss: 0.871
[14,    40] loss: 0.952
[14,    50] loss: 0.872
[14,    60] loss: 0.954
[14,    70] loss: 0.899
[14,    80] loss: 0.828
[14,    90] loss: 0.829
[14,   100] loss: 0.889
[14,   110] loss: 0.986
[14,   120] loss: 0.997
[14,   130] loss: 0.669
[14,   140] loss: 0.863
[14,   150] loss: 0.873
[14,   160] loss: 0.927
[14,   170] loss: 0.770
[14,   180] loss: 0.808
[14,   190] loss: 1.024
[14,   200] loss: 0.934
[14,   210] loss: 0.698
[14,   220] loss: 0.849
[14,   230] loss: 0.758
[14,   240] loss: 0.793
[14,   250] loss: 0.814
[14,   260] loss: 0.796
[14,   270] loss: 0.769
[14,   280] loss: 0.864
[14,   290] loss: 0.726
[14,   300] loss: 0.733
[14,   310] loss: 0.746
[14,   320] loss: 0.812
[14,   330] loss: 0.876
[14,   340] loss: 0.735
[14,   350] loss: 0.832
[14,   360] loss: 0.712
[14,   370] loss: 0.820
[14,   380] loss: 0.795
[14,   390] loss: 0.909
[14,   400] loss: 0.822
[14,   410] loss: 0.764
[14,   420] loss: 0.721
[14,   430] loss: 0.846
[14,   440] loss: 0.787
[14,   450] loss: 0.907
[14,   460] loss: 1.045
[14,   470] loss: 0.890
[14,   480] loss: 0.808
[14,   490] loss: 0.987
[14,   500] loss: 0.706
[14,   510] loss: 0.840
[14,   520] loss: 0.778
[14,   530] loss: 0.717
[14,   540] loss: 0.965
[14,   550] loss: 0.879
[14,   560] loss: 0.853
[14,   570] loss: 0.811
[14,   580] loss: 0.809
[14,   590] loss: 0.729
[14,   600] loss: 0.892
[14,   610] loss: 0.801
[14,   620] loss: 0.882
[14,   630] loss: 0.893
[14,   640] loss: 0.941
[14,   650] loss: 0.864
[14,   660] loss: 0.772
[14,   670] loss: 0.921
[14,   680] loss: 0.809
[14,   690] loss: 0.827
[14,   700] loss: 0.781
[14,   710] loss: 0.761
[14,   720] loss: 0.912
[14,   730] loss: 0.852
[14,   740] loss: 0.932
[14,   750] loss: 0.853
[14,   760] loss: 0.686
[14,   770] loss: 0.934
[14,   780] loss: 0.763
[14,   790] loss: 0.944
[14,   800] loss: 0.803
[14,   810] loss: 0.963
[14,   820] loss: 0.941
[14,   830] loss: 0.937
[14,   840] loss: 0.895
Average Loss for Epoch: 3.835430573790808
[15,    10] loss: 1.373
[15,    20] loss: 0.784
[15,    30] loss: 0.664
[15,    40] loss: 0.799
[15,    50] loss: 0.904
[15,    60] loss: 0.828
[15,    70] loss: 0.777
[15,    80] loss: 0.803
[15,    90] loss: 0.612
[15,   100] loss: 0.860
[15,   110] loss: 0.830
[15,   120] loss: 0.769
[15,   130] loss: 0.848
[15,   140] loss: 0.780
[15,   150] loss: 0.799
[15,   160] loss: 0.849
[15,   170] loss: 0.745
[15,   180] loss: 0.797
[15,   190] loss: 0.846
[15,   200] loss: 0.705
[15,   210] loss: 0.723
[15,   220] loss: 0.706
[15,   230] loss: 0.898
[15,   240] loss: 0.852
[15,   250] loss: 0.708
[15,   260] loss: 0.938
[15,   270] loss: 0.803
[15,   280] loss: 0.699
[15,   290] loss: 0.732
[15,   300] loss: 0.843
[15,   310] loss: 0.794
[15,   320] loss: 0.760
[15,   330] loss: 0.842
[15,   340] loss: 0.767
[15,   350] loss: 0.851
[15,   360] loss: 0.853
[15,   370] loss: 0.766
[15,   380] loss: 0.941
[15,   390] loss: 0.869
[15,   400] loss: 0.952
[15,   410] loss: 0.895
[15,   420] loss: 0.835
[15,   430] loss: 0.919
[15,   440] loss: 0.825
[15,   450] loss: 0.749
[15,   460] loss: 0.857
[15,   470] loss: 0.929
[15,   480] loss: 0.779
[15,   490] loss: 0.898
[15,   500] loss: 0.784
[15,   510] loss: 0.891
[15,   520] loss: 0.883
[15,   530] loss: 0.875
[15,   540] loss: 0.900
[15,   550] loss: 0.919
[15,   560] loss: 0.817
[15,   570] loss: 0.773
[15,   580] loss: 0.688
[15,   590] loss: 0.767
[15,   600] loss: 0.686
[15,   610] loss: 0.775
[15,   620] loss: 0.802
[15,   630] loss: 0.884
[15,   640] loss: 0.877
[15,   650] loss: 0.918
[15,   660] loss: 0.897
[15,   670] loss: 0.777
[15,   680] loss: 0.821
[15,   690] loss: 0.716
[15,   700] loss: 0.884
[15,   710] loss: 0.856
[15,   720] loss: 0.843
[15,   730] loss: 0.816
[15,   740] loss: 0.770
[15,   750] loss: 0.746
[15,   760] loss: 0.778
[15,   770] loss: 0.815
[15,   780] loss: 0.769
[15,   790] loss: 0.710
[15,   800] loss: 0.783
[15,   810] loss: 0.932
[15,   820] loss: 0.772
[15,   830] loss: 0.825
[15,   840] loss: 0.758
Average Loss for Epoch: 3.6966924089608537
[16,    10] loss: 1.341
[16,    20] loss: 0.830
[16,    30] loss: 0.749
[16,    40] loss: 0.809
[16,    50] loss: 0.787
[16,    60] loss: 0.788
[16,    70] loss: 0.748
[16,    80] loss: 0.760
[16,    90] loss: 0.680
[16,   100] loss: 0.846
[16,   110] loss: 0.665
[16,   120] loss: 0.702
[16,   130] loss: 0.808
[16,   140] loss: 0.744
[16,   150] loss: 0.655
[16,   160] loss: 0.807
[16,   170] loss: 0.809
[16,   180] loss: 0.783
[16,   190] loss: 0.964
[16,   200] loss: 0.850
[16,   210] loss: 0.933
[16,   220] loss: 0.801
[16,   230] loss: 0.770
[16,   240] loss: 0.829
[16,   250] loss: 0.697
[16,   260] loss: 0.847
[16,   270] loss: 0.692
[16,   280] loss: 0.634
[16,   290] loss: 0.837
[16,   300] loss: 0.674
[16,   310] loss: 0.798
[16,   320] loss: 0.693
[16,   330] loss: 0.794
[16,   340] loss: 0.801
[16,   350] loss: 0.762
[16,   360] loss: 0.857
[16,   370] loss: 0.848
[16,   380] loss: 0.743
[16,   390] loss: 0.782
[16,   400] loss: 0.921
[16,   410] loss: 0.762
[16,   420] loss: 0.752
[16,   430] loss: 0.775
[16,   440] loss: 0.725
[16,   450] loss: 0.767
[16,   460] loss: 0.742
[16,   470] loss: 0.734
[16,   480] loss: 0.781
[16,   490] loss: 0.943
[16,   500] loss: 0.806
[16,   510] loss: 1.017
[16,   520] loss: 0.846
[16,   530] loss: 0.607
[16,   540] loss: 0.741
[16,   550] loss: 0.743
[16,   560] loss: 0.852
[16,   570] loss: 0.771
[16,   580] loss: 0.795
[16,   590] loss: 0.843
[16,   600] loss: 0.765
[16,   610] loss: 0.711
[16,   620] loss: 0.756
[16,   630] loss: 0.623
[16,   640] loss: 0.655
[16,   650] loss: 0.700
[16,   660] loss: 0.723
[16,   670] loss: 0.752
[16,   680] loss: 0.736
[16,   690] loss: 0.636
[16,   700] loss: 0.810
[16,   710] loss: 0.828
[16,   720] loss: 0.760
[16,   730] loss: 0.738
[16,   740] loss: 0.852
[16,   750] loss: 0.780
[16,   760] loss: 0.741
[16,   770] loss: 0.806
[16,   780] loss: 0.806
[16,   790] loss: 0.808
[16,   800] loss: 0.698
[16,   810] loss: 0.794
[16,   820] loss: 0.731
[16,   830] loss: 0.757
[16,   840] loss: 0.830
Average Loss for Epoch: 3.514836908987731
[17,    10] loss: 1.181
[17,    20] loss: 0.690
[17,    30] loss: 0.689
[17,    40] loss: 0.853
[17,    50] loss: 0.786
[17,    60] loss: 0.772
[17,    70] loss: 0.738
[17,    80] loss: 0.741
[17,    90] loss: 0.712
[17,   100] loss: 0.880
[17,   110] loss: 0.685
[17,   120] loss: 0.665
[17,   130] loss: 0.760
[17,   140] loss: 0.817
[17,   150] loss: 0.631
[17,   160] loss: 0.603
[17,   170] loss: 0.704
[17,   180] loss: 0.821
[17,   190] loss: 0.676
[17,   200] loss: 0.650
[17,   210] loss: 0.731
[17,   220] loss: 0.614
[17,   230] loss: 0.701
[17,   240] loss: 0.687
[17,   250] loss: 0.731
[17,   260] loss: 0.731
[17,   270] loss: 0.696
[17,   280] loss: 0.749
[17,   290] loss: 0.730
[17,   300] loss: 0.717
[17,   310] loss: 0.852
[17,   320] loss: 0.635
[17,   330] loss: 0.805
[17,   340] loss: 0.752
[17,   350] loss: 0.732
[17,   360] loss: 0.693
[17,   370] loss: 0.707
[17,   380] loss: 0.741
[17,   390] loss: 0.652
[17,   400] loss: 0.678
[17,   410] loss: 0.741
[17,   420] loss: 0.745
[17,   430] loss: 0.753
[17,   440] loss: 0.722
[17,   450] loss: 0.708
[17,   460] loss: 0.780
[17,   470] loss: 0.725
[17,   480] loss: 0.749
[17,   490] loss: 0.708
[17,   500] loss: 0.788
[17,   510] loss: 0.840
[17,   520] loss: 0.703
[17,   530] loss: 0.723
[17,   540] loss: 0.817
[17,   550] loss: 0.756
[17,   560] loss: 0.869
[17,   570] loss: 0.807
[17,   580] loss: 0.742
[17,   590] loss: 0.706
[17,   600] loss: 0.629
[17,   610] loss: 0.646
[17,   620] loss: 0.635
[17,   630] loss: 0.694
[17,   640] loss: 0.709
[17,   650] loss: 0.745
[17,   660] loss: 0.748
[17,   670] loss: 0.741
[17,   680] loss: 0.725
[17,   690] loss: 0.636
[17,   700] loss: 0.686
[17,   710] loss: 0.657
[17,   720] loss: 0.578
[17,   730] loss: 0.765
[17,   740] loss: 0.641
[17,   750] loss: 0.639
[17,   760] loss: 0.716
[17,   770] loss: 0.733
[17,   780] loss: 0.666
[17,   790] loss: 0.661
[17,   800] loss: 0.857
[17,   810] loss: 0.634
[17,   820] loss: 0.881
[17,   830] loss: 0.795
[17,   840] loss: 0.657
Average Loss for Epoch: 3.307708543440527
[18,    10] loss: 1.208
[18,    20] loss: 0.720
[18,    30] loss: 0.594
[18,    40] loss: 0.744
[18,    50] loss: 0.717
[18,    60] loss: 0.644
[18,    70] loss: 0.654
[18,    80] loss: 0.607
[18,    90] loss: 0.630
[18,   100] loss: 0.620
[18,   110] loss: 0.602
[18,   120] loss: 0.719
[18,   130] loss: 0.632
[18,   140] loss: 0.519
[18,   150] loss: 0.673
[18,   160] loss: 0.631
[18,   170] loss: 0.722
[18,   180] loss: 0.638
[18,   190] loss: 0.725
[18,   200] loss: 0.712
[18,   210] loss: 0.665
[18,   220] loss: 0.709
[18,   230] loss: 0.713
[18,   240] loss: 0.651
[18,   250] loss: 0.674
[18,   260] loss: 0.625
[18,   270] loss: 0.627
[18,   280] loss: 0.736
[18,   290] loss: 0.704
[18,   300] loss: 0.767
[18,   310] loss: 0.647
[18,   320] loss: 0.812
[18,   330] loss: 0.680
[18,   340] loss: 0.813
[18,   350] loss: 0.695
[18,   360] loss: 0.677
[18,   370] loss: 0.736
[18,   380] loss: 0.654
[18,   390] loss: 0.672
[18,   400] loss: 0.746
[18,   410] loss: 0.608
[18,   420] loss: 0.657
[18,   430] loss: 0.689
[18,   440] loss: 0.701
[18,   450] loss: 0.731
[18,   460] loss: 0.646
[18,   470] loss: 0.808
[18,   480] loss: 0.715
[18,   490] loss: 0.746
[18,   500] loss: 0.726
[18,   510] loss: 0.685
[18,   520] loss: 0.758
[18,   530] loss: 0.682
[18,   540] loss: 0.828
[18,   550] loss: 0.734
[18,   560] loss: 0.801
[18,   570] loss: 0.602
[18,   580] loss: 0.714
[18,   590] loss: 0.663
[18,   600] loss: 0.683
[18,   610] loss: 0.749
[18,   620] loss: 0.761
[18,   630] loss: 0.723
[18,   640] loss: 0.837
[18,   650] loss: 0.782
[18,   660] loss: 0.782
[18,   670] loss: 0.801
[18,   680] loss: 0.649
[18,   690] loss: 0.786
[18,   700] loss: 0.806
[18,   710] loss: 0.696
[18,   720] loss: 0.739
[18,   730] loss: 0.749
[18,   740] loss: 0.672
[18,   750] loss: 0.756
[18,   760] loss: 0.714
[18,   770] loss: 0.709
[18,   780] loss: 0.544
[18,   790] loss: 0.741
[18,   800] loss: 0.688
[18,   810] loss: 0.856
[18,   820] loss: 0.616
[18,   830] loss: 0.659
[18,   840] loss: 0.595
Average Loss for Epoch: 3.215877429495314
[19,    10] loss: 0.978
[19,    20] loss: 0.603
[19,    30] loss: 0.658
[19,    40] loss: 0.623
[19,    50] loss: 0.650
[19,    60] loss: 0.598
[19,    70] loss: 0.680
[19,    80] loss: 0.705
[19,    90] loss: 0.580
[19,   100] loss: 0.600
[19,   110] loss: 0.567
[19,   120] loss: 0.552
[19,   130] loss: 0.657
[19,   140] loss: 0.592
[19,   150] loss: 0.668
[19,   160] loss: 0.548
[19,   170] loss: 0.649
[19,   180] loss: 0.659
[19,   190] loss: 0.667
[19,   200] loss: 0.564
[19,   210] loss: 0.580
[19,   220] loss: 0.637
[19,   230] loss: 0.664
[19,   240] loss: 0.518
[19,   250] loss: 0.581
[19,   260] loss: 0.618
[19,   270] loss: 0.786
[19,   280] loss: 0.630
[19,   290] loss: 0.585
[19,   300] loss: 0.685
[19,   310] loss: 0.540
[19,   320] loss: 0.682
[19,   330] loss: 0.652
[19,   340] loss: 0.693
[19,   350] loss: 0.731
[19,   360] loss: 0.874
[19,   370] loss: 0.609
[19,   380] loss: 0.613
[19,   390] loss: 0.683
[19,   400] loss: 0.617
[19,   410] loss: 0.747
[19,   420] loss: 0.662
[19,   430] loss: 0.762
[19,   440] loss: 0.656
[19,   450] loss: 0.626
[19,   460] loss: 0.597
[19,   470] loss: 0.699
[19,   480] loss: 0.664
[19,   490] loss: 0.563
[19,   500] loss: 0.712
[19,   510] loss: 0.680
[19,   520] loss: 0.685
[19,   530] loss: 0.615
[19,   540] loss: 0.767
[19,   550] loss: 0.599
[19,   560] loss: 0.597
[19,   570] loss: 0.694
[19,   580] loss: 0.766
[19,   590] loss: 0.809
[19,   600] loss: 0.609
[19,   610] loss: 0.693
[19,   620] loss: 0.602
[19,   630] loss: 0.634
[19,   640] loss: 0.618
[19,   650] loss: 0.725
[19,   660] loss: 0.761
[19,   670] loss: 0.736
[19,   680] loss: 0.842
[19,   690] loss: 0.660
[19,   700] loss: 0.671
[19,   710] loss: 0.786
[19,   720] loss: 0.681
[19,   730] loss: 0.731
[19,   740] loss: 0.707
[19,   750] loss: 0.694
[19,   760] loss: 0.624
[19,   770] loss: 0.890
[19,   780] loss: 0.719
[19,   790] loss: 0.628
[19,   800] loss: 0.714
[19,   810] loss: 0.628
[19,   820] loss: 0.633
[19,   830] loss: 0.663
[19,   840] loss: 0.570
Average Loss for Epoch: 3.005945995494002
[20,    10] loss: 1.017
[20,    20] loss: 0.628
[20,    30] loss: 0.491
[20,    40] loss: 0.555
[20,    50] loss: 0.623
[20,    60] loss: 0.566
[20,    70] loss: 0.622
[20,    80] loss: 0.658
[20,    90] loss: 0.631
[20,   100] loss: 0.628
[20,   110] loss: 0.655
[20,   120] loss: 0.555
[20,   130] loss: 0.529
[20,   140] loss: 0.528
[20,   150] loss: 0.577
[20,   160] loss: 0.651
[20,   170] loss: 0.649
[20,   180] loss: 0.633
[20,   190] loss: 0.698
[20,   200] loss: 0.680
[20,   210] loss: 0.481
[20,   220] loss: 0.620
[20,   230] loss: 0.621
[20,   240] loss: 0.554
[20,   250] loss: 0.580
[20,   260] loss: 0.615
[20,   270] loss: 0.534
[20,   280] loss: 0.619
[20,   290] loss: 0.646
[20,   300] loss: 0.711
[20,   310] loss: 0.547
[20,   320] loss: 0.581
[20,   330] loss: 0.574
[20,   340] loss: 0.672
[20,   350] loss: 0.647
[20,   360] loss: 0.602
[20,   370] loss: 0.652
[20,   380] loss: 0.554
[20,   390] loss: 0.556
[20,   400] loss: 0.601
[20,   410] loss: 0.560
[20,   420] loss: 0.532
[20,   430] loss: 0.596
[20,   440] loss: 0.674
[20,   450] loss: 0.737
[20,   460] loss: 0.601
[20,   470] loss: 0.538
[20,   480] loss: 0.690
[20,   490] loss: 0.582
[20,   500] loss: 0.749
[20,   510] loss: 0.647
[20,   520] loss: 0.724
[20,   530] loss: 0.571
[20,   540] loss: 0.560
[20,   550] loss: 0.637
[20,   560] loss: 0.613
[20,   570] loss: 0.727
[20,   580] loss: 0.662
[20,   590] loss: 0.552
[20,   600] loss: 0.654
[20,   610] loss: 0.599
[20,   620] loss: 0.560
[20,   630] loss: 0.689
[20,   640] loss: 0.559
[20,   650] loss: 0.693
[20,   660] loss: 0.659
[20,   670] loss: 0.586
[20,   680] loss: 0.770
[20,   690] loss: 0.648
[20,   700] loss: 0.557
[20,   710] loss: 0.604
[20,   720] loss: 0.679
[20,   730] loss: 0.587
[20,   740] loss: 0.548
[20,   750] loss: 0.598
[20,   760] loss: 0.587
[20,   770] loss: 0.488
[20,   780] loss: 0.700
[20,   790] loss: 0.660
[20,   800] loss: 0.678
[20,   810] loss: 0.664
[20,   820] loss: 0.700
[20,   830] loss: 0.674
[20,   840] loss: 0.715
Average Loss for Epoch: 2.838555035784999
[21,    10] loss: 1.014
[21,    20] loss: 0.604
[21,    30] loss: 0.759
[21,    40] loss: 0.589
[21,    50] loss: 0.470
[21,    60] loss: 0.603
[21,    70] loss: 0.644
[21,    80] loss: 0.577
[21,    90] loss: 0.506
[21,   100] loss: 0.498
[21,   110] loss: 0.511
[21,   120] loss: 0.472
[21,   130] loss: 0.583
[21,   140] loss: 0.502
[21,   150] loss: 0.760
[21,   160] loss: 0.571
[21,   170] loss: 0.629
[21,   180] loss: 0.734
[21,   190] loss: 0.679
[21,   200] loss: 0.571
[21,   210] loss: 0.474
[21,   220] loss: 0.469
[21,   230] loss: 0.461
[21,   240] loss: 0.499
[21,   250] loss: 0.563
[21,   260] loss: 0.609
[21,   270] loss: 0.600
[21,   280] loss: 0.683
[21,   290] loss: 0.562
[21,   300] loss: 0.559
[21,   310] loss: 0.507
[21,   320] loss: 0.500
[21,   330] loss: 0.564
[21,   340] loss: 0.526
[21,   350] loss: 0.603
[21,   360] loss: 0.648
[21,   370] loss: 0.437
[21,   380] loss: 0.539
[21,   390] loss: 0.594
[21,   400] loss: 0.681
[21,   410] loss: 0.596
[21,   420] loss: 0.495
[21,   430] loss: 0.479
[21,   440] loss: 0.578
[21,   450] loss: 0.517
[21,   460] loss: 0.566
[21,   470] loss: 0.572
[21,   480] loss: 0.717
[21,   490] loss: 0.700
[21,   500] loss: 0.616
[21,   510] loss: 0.644
[21,   520] loss: 0.720
[21,   530] loss: 0.532
[21,   540] loss: 0.498
[21,   550] loss: 0.783
[21,   560] loss: 0.501
[21,   570] loss: 0.449
[21,   580] loss: 0.656
[21,   590] loss: 0.518
[21,   600] loss: 0.617
[21,   610] loss: 0.465
[21,   620] loss: 0.582
[21,   630] loss: 0.516
[21,   640] loss: 0.527
[21,   650] loss: 0.573
[21,   660] loss: 0.580
[21,   670] loss: 0.674
[21,   680] loss: 0.615
[21,   690] loss: 0.538
[21,   700] loss: 0.639
[21,   710] loss: 0.455
[21,   720] loss: 0.525
[21,   730] loss: 0.607
[21,   740] loss: 0.580
[21,   750] loss: 0.606
[21,   760] loss: 0.577
[21,   770] loss: 0.649
[21,   780] loss: 0.582
[21,   790] loss: 0.638
[21,   800] loss: 0.546
[21,   810] loss: 0.639
[21,   820] loss: 0.653
[21,   830] loss: 0.521
[21,   840] loss: 0.705
Average Loss for Epoch: 2.6526013293788453
[22,    10] loss: 0.997
[22,    20] loss: 0.535
[22,    30] loss: 0.528
[22,    40] loss: 0.495
[22,    50] loss: 0.523
[22,    60] loss: 0.498
[22,    70] loss: 0.524
[22,    80] loss: 0.581
[22,    90] loss: 0.579
[22,   100] loss: 0.494
[22,   110] loss: 0.648
[22,   120] loss: 0.496
[22,   130] loss: 0.539
[22,   140] loss: 0.469
[22,   150] loss: 0.556
[22,   160] loss: 0.497
[22,   170] loss: 0.519
[22,   180] loss: 0.490
[22,   190] loss: 0.611
[22,   200] loss: 0.500
[22,   210] loss: 0.596
[22,   220] loss: 0.536
[22,   230] loss: 0.489
[22,   240] loss: 0.550
[22,   250] loss: 0.486
[22,   260] loss: 0.539
[22,   270] loss: 0.465
[22,   280] loss: 0.623
[22,   290] loss: 0.536
[22,   300] loss: 0.428
[22,   310] loss: 0.494
[22,   320] loss: 0.475
[22,   330] loss: 0.695
[22,   340] loss: 0.528
[22,   350] loss: 0.440
[22,   360] loss: 0.600
[22,   370] loss: 0.514
[22,   380] loss: 0.551
[22,   390] loss: 0.562
[22,   400] loss: 0.504
[22,   410] loss: 0.533
[22,   420] loss: 0.541
[22,   430] loss: 0.468
[22,   440] loss: 0.540
[22,   450] loss: 0.409
[22,   460] loss: 0.466
[22,   470] loss: 0.559
[22,   480] loss: 0.485
[22,   490] loss: 0.543
[22,   500] loss: 0.437
[22,   510] loss: 0.546
[22,   520] loss: 0.621
[22,   530] loss: 0.605
[22,   540] loss: 0.498
[22,   550] loss: 0.588
[22,   560] loss: 0.694
[22,   570] loss: 0.547
[22,   580] loss: 0.542
[22,   590] loss: 0.520
[22,   600] loss: 0.624
[22,   610] loss: 0.564
[22,   620] loss: 0.622
[22,   630] loss: 0.521
[22,   640] loss: 0.494
[22,   650] loss: 0.616
[22,   660] loss: 0.578
[22,   670] loss: 0.591
[22,   680] loss: 0.657
[22,   690] loss: 0.543
[22,   700] loss: 0.627
[22,   710] loss: 0.540
[22,   720] loss: 0.504
[22,   730] loss: 0.620
[22,   740] loss: 0.670
[22,   750] loss: 0.657
[22,   760] loss: 0.728
[22,   770] loss: 0.586
[22,   780] loss: 0.628
[22,   790] loss: 0.531
[22,   800] loss: 0.461
[22,   810] loss: 0.505
[22,   820] loss: 0.647
[22,   830] loss: 0.556
[22,   840] loss: 0.486
Average Loss for Epoch: 2.4697960577685265
[23,    10] loss: 0.779
[23,    20] loss: 0.553
[23,    30] loss: 0.472
[23,    40] loss: 0.486
[23,    50] loss: 0.469
[23,    60] loss: 0.546
[23,    70] loss: 0.480
[23,    80] loss: 0.601
[23,    90] loss: 0.421
[23,   100] loss: 0.480
[23,   110] loss: 0.429
[23,   120] loss: 0.444
[23,   130] loss: 0.574
[23,   140] loss: 0.442
[23,   150] loss: 0.519
[23,   160] loss: 0.639
[23,   170] loss: 0.388
[23,   180] loss: 0.524
[23,   190] loss: 0.475
[23,   200] loss: 0.409
[23,   210] loss: 0.565
[23,   220] loss: 0.410
[23,   230] loss: 0.531
[23,   240] loss: 0.468
[23,   250] loss: 0.515
[23,   260] loss: 0.462
[23,   270] loss: 0.406
[23,   280] loss: 0.516
[23,   290] loss: 0.402
[23,   300] loss: 0.443
[23,   310] loss: 0.488
[23,   320] loss: 0.539
[23,   330] loss: 0.438
[23,   340] loss: 0.659
[23,   350] loss: 0.560
[23,   360] loss: 0.623
[23,   370] loss: 0.576
[23,   380] loss: 0.488
[23,   390] loss: 0.492
[23,   400] loss: 0.457
[23,   410] loss: 0.533
[23,   420] loss: 0.545
[23,   430] loss: 0.420
[23,   440] loss: 0.479
[23,   450] loss: 0.569
[23,   460] loss: 0.479
[23,   470] loss: 0.446
[23,   480] loss: 0.559
[23,   490] loss: 0.513
[23,   500] loss: 0.450
[23,   510] loss: 0.532
[23,   520] loss: 0.424
[23,   530] loss: 0.595
[23,   540] loss: 0.509
[23,   550] loss: 0.550
[23,   560] loss: 0.505
[23,   570] loss: 0.686
[23,   580] loss: 0.509
[23,   590] loss: 0.458
[23,   600] loss: 0.598
[23,   610] loss: 0.492
[23,   620] loss: 0.557
[23,   630] loss: 0.496
[23,   640] loss: 0.524
[23,   650] loss: 0.628
[23,   660] loss: 0.452
[23,   670] loss: 0.610
[23,   680] loss: 0.495
[23,   690] loss: 0.490
[23,   700] loss: 0.461
[23,   710] loss: 0.525
[23,   720] loss: 0.497
[23,   730] loss: 0.553
[23,   740] loss: 0.501
[23,   750] loss: 0.582
[23,   760] loss: 0.613
[23,   770] loss: 0.517
[23,   780] loss: 0.617
[23,   790] loss: 0.479
[23,   800] loss: 0.498
[23,   810] loss: 0.548
[23,   820] loss: 0.509
[23,   830] loss: 0.578
[23,   840] loss: 0.481
Average Loss for Epoch: 2.3311159427166688
[24,    10] loss: 0.855
[24,    20] loss: 0.442
[24,    30] loss: 0.457
[24,    40] loss: 0.457
[24,    50] loss: 0.572
[24,    60] loss: 0.291
[24,    70] loss: 0.519
[24,    80] loss: 0.450
[24,    90] loss: 0.470
[24,   100] loss: 0.435
[24,   110] loss: 0.376
[24,   120] loss: 0.454
[24,   130] loss: 0.435
[24,   140] loss: 0.522
[24,   150] loss: 0.475
[24,   160] loss: 0.412
[24,   170] loss: 0.530
[24,   180] loss: 0.460
[24,   190] loss: 0.503
[24,   200] loss: 0.462
[24,   210] loss: 0.478
[24,   220] loss: 0.483
[24,   230] loss: 0.460
[24,   240] loss: 0.526
[24,   250] loss: 0.481
[24,   260] loss: 0.406
[24,   270] loss: 0.460
[24,   280] loss: 0.460
[24,   290] loss: 0.404
[24,   300] loss: 0.418
[24,   310] loss: 0.410
[24,   320] loss: 0.505
[24,   330] loss: 0.385
[24,   340] loss: 0.500
[24,   350] loss: 0.466
[24,   360] loss: 0.479
[24,   370] loss: 0.413
[24,   380] loss: 0.522
[24,   390] loss: 0.494
[24,   400] loss: 0.455
[24,   410] loss: 0.481
[24,   420] loss: 0.501
[24,   430] loss: 0.438
[24,   440] loss: 0.464
[24,   450] loss: 0.479
[24,   460] loss: 0.421
[24,   470] loss: 0.456
[24,   480] loss: 0.622
[24,   490] loss: 0.505
[24,   500] loss: 0.529
[24,   510] loss: 0.534
[24,   520] loss: 0.577
[24,   530] loss: 0.558
[24,   540] loss: 0.523
[24,   550] loss: 0.464
[24,   560] loss: 0.415
[24,   570] loss: 0.566
[24,   580] loss: 0.537
[24,   590] loss: 0.527
[24,   600] loss: 0.592
[24,   610] loss: 0.609
[24,   620] loss: 0.574
[24,   630] loss: 0.517
[24,   640] loss: 0.547
[24,   650] loss: 0.403
[24,   660] loss: 0.598
[24,   670] loss: 0.569
[24,   680] loss: 0.505
[24,   690] loss: 0.596
[24,   700] loss: 0.509
[24,   710] loss: 0.464
[24,   720] loss: 0.502
[24,   730] loss: 0.391
[24,   740] loss: 0.534
[24,   750] loss: 0.466
[24,   760] loss: 0.623
[24,   770] loss: 0.460
[24,   780] loss: 0.525
[24,   790] loss: 0.512
[24,   800] loss: 0.524
[24,   810] loss: 0.509
[24,   820] loss: 0.393
[24,   830] loss: 0.549
[24,   840] loss: 0.584
Average Loss for Epoch: 2.219836752267979
[25,    10] loss: 0.942
[25,    20] loss: 0.470
[25,    30] loss: 0.530
[25,    40] loss: 0.405
[25,    50] loss: 0.380
[25,    60] loss: 0.490
[25,    70] loss: 0.377
[25,    80] loss: 0.365
[25,    90] loss: 0.476
[25,   100] loss: 0.285
[25,   110] loss: 0.442
[25,   120] loss: 0.457
[25,   130] loss: 0.538
[25,   140] loss: 0.453
[25,   150] loss: 0.427
[25,   160] loss: 0.418
[25,   170] loss: 0.415
[25,   180] loss: 0.365
[25,   190] loss: 0.487
[25,   200] loss: 0.510
[25,   210] loss: 0.409
[25,   220] loss: 0.467
[25,   230] loss: 0.445
[25,   240] loss: 0.402
[25,   250] loss: 0.412
[25,   260] loss: 0.425
[25,   270] loss: 0.383
[25,   280] loss: 0.439
[25,   290] loss: 0.459
[25,   300] loss: 0.383
[25,   310] loss: 0.467
[25,   320] loss: 0.390
[25,   330] loss: 0.357
[25,   340] loss: 0.473
[25,   350] loss: 0.393
[25,   360] loss: 0.482
[25,   370] loss: 0.434
[25,   380] loss: 0.455
[25,   390] loss: 0.530
[25,   400] loss: 0.475
[25,   410] loss: 0.423
[25,   420] loss: 0.420
[25,   430] loss: 0.378
[25,   440] loss: 0.477
[25,   450] loss: 0.438
[25,   460] loss: 0.419
[25,   470] loss: 0.460
[25,   480] loss: 0.427
[25,   490] loss: 0.400
[25,   500] loss: 0.522
[25,   510] loss: 0.408
[25,   520] loss: 0.538
[25,   530] loss: 0.546
[25,   540] loss: 0.450
[25,   550] loss: 0.479
[25,   560] loss: 0.532
[25,   570] loss: 0.490
[25,   580] loss: 0.316
[25,   590] loss: 0.482
[25,   600] loss: 0.395
[25,   610] loss: 0.389
[25,   620] loss: 0.538
[25,   630] loss: 0.504
[25,   640] loss: 0.388
[25,   650] loss: 0.642
[25,   660] loss: 0.487
[25,   670] loss: 0.514
[25,   680] loss: 0.432
[25,   690] loss: 0.428
[25,   700] loss: 0.428
[25,   710] loss: 0.377
[25,   720] loss: 0.302
[25,   730] loss: 0.448
[25,   740] loss: 0.581
[25,   750] loss: 0.502
[25,   760] loss: 0.568
[25,   770] loss: 0.596
[25,   780] loss: 0.456
[25,   790] loss: 0.476
[25,   800] loss: 0.433
[25,   810] loss: 0.437
[25,   820] loss: 0.474
[25,   830] loss: 0.413
[25,   840] loss: 0.440
Average Loss for Epoch: 2.06043253824062
[26,    10] loss: 0.872
[26,    20] loss: 0.328
[26,    30] loss: 0.415
[26,    40] loss: 0.482
[26,    50] loss: 0.431
[26,    60] loss: 0.425
[26,    70] loss: 0.406
[26,    80] loss: 0.402
[26,    90] loss: 0.331
[26,   100] loss: 0.431
[26,   110] loss: 0.401
[26,   120] loss: 0.401
[26,   130] loss: 0.381
[26,   140] loss: 0.416
[26,   150] loss: 0.492
[26,   160] loss: 0.427
[26,   170] loss: 0.448
[26,   180] loss: 0.624
[26,   190] loss: 0.459
[26,   200] loss: 0.457
[26,   210] loss: 0.415
[26,   220] loss: 0.480
[26,   230] loss: 0.569
[26,   240] loss: 0.449
[26,   250] loss: 0.448
[26,   260] loss: 0.392
[26,   270] loss: 0.510
[26,   280] loss: 0.433
[26,   290] loss: 0.450
[26,   300] loss: 0.459
[26,   310] loss: 0.450
[26,   320] loss: 0.362
[26,   330] loss: 0.393
[26,   340] loss: 0.458
[26,   350] loss: 0.582
[26,   360] loss: 0.504
[26,   370] loss: 0.546
[26,   380] loss: 0.528
[26,   390] loss: 0.429
[26,   400] loss: 0.445
[26,   410] loss: 0.460
[26,   420] loss: 0.410
[26,   430] loss: 0.553
[26,   440] loss: 0.441
[26,   450] loss: 0.368
[26,   460] loss: 0.414
[26,   470] loss: 0.473
[26,   480] loss: 0.479
[26,   490] loss: 0.432
[26,   500] loss: 0.325
[26,   510] loss: 0.379
[26,   520] loss: 0.494
[26,   530] loss: 0.443
[26,   540] loss: 0.383
[26,   550] loss: 0.481
[26,   560] loss: 0.436
[26,   570] loss: 0.406
[26,   580] loss: 0.401
[26,   590] loss: 0.347
[26,   600] loss: 0.397
[26,   610] loss: 0.479
[26,   620] loss: 0.451
[26,   630] loss: 0.475
[26,   640] loss: 0.411
[26,   650] loss: 0.331
[26,   660] loss: 0.490
[26,   670] loss: 0.485
[26,   680] loss: 0.476
[26,   690] loss: 0.475
[26,   700] loss: 0.576
[26,   710] loss: 0.452
[26,   720] loss: 0.478
[26,   730] loss: 0.410
[26,   740] loss: 0.378
[26,   750] loss: 0.397
[26,   760] loss: 0.396
[26,   770] loss: 0.361
[26,   780] loss: 0.375
[26,   790] loss: 0.399
[26,   800] loss: 0.382
[26,   810] loss: 0.449
[26,   820] loss: 0.445
[26,   830] loss: 0.413
[26,   840] loss: 0.371
Average Loss for Epoch: 2.0002226447499627
[27,    10] loss: 0.680
[27,    20] loss: 0.289
[27,    30] loss: 0.347
[27,    40] loss: 0.420
[27,    50] loss: 0.302
[27,    60] loss: 0.442
[27,    70] loss: 0.411
[27,    80] loss: 0.335
[27,    90] loss: 0.384
[27,   100] loss: 0.362
[27,   110] loss: 0.431
[27,   120] loss: 0.326
[27,   130] loss: 0.396
[27,   140] loss: 0.374
[27,   150] loss: 0.364
[27,   160] loss: 0.341
[27,   170] loss: 0.423
[27,   180] loss: 0.338
[27,   190] loss: 0.354
[27,   200] loss: 0.355
[27,   210] loss: 0.402
[27,   220] loss: 0.326
[27,   230] loss: 0.410
[27,   240] loss: 0.380
[27,   250] loss: 0.435
[27,   260] loss: 0.449
[27,   270] loss: 0.426
[27,   280] loss: 0.348
[27,   290] loss: 0.378
[27,   300] loss: 0.368
[27,   310] loss: 0.361
[27,   320] loss: 0.450
[27,   330] loss: 0.520
[27,   340] loss: 0.338
[27,   350] loss: 0.349
[27,   360] loss: 0.335
[27,   370] loss: 0.347
[27,   380] loss: 0.432
[27,   390] loss: 0.454
[27,   400] loss: 0.590
[27,   410] loss: 0.383
[27,   420] loss: 0.428
[27,   430] loss: 0.453
[27,   440] loss: 0.519
[27,   450] loss: 0.514
[27,   460] loss: 0.338
[27,   470] loss: 0.382
[27,   480] loss: 0.420
[27,   490] loss: 0.436
[27,   500] loss: 0.415
[27,   510] loss: 0.431
[27,   520] loss: 0.358
[27,   530] loss: 0.422
[27,   540] loss: 0.264
[27,   550] loss: 0.416
[27,   560] loss: 0.413
[27,   570] loss: 0.365
[27,   580] loss: 0.324
[27,   590] loss: 0.418
[27,   600] loss: 0.459
[27,   610] loss: 0.375
[27,   620] loss: 0.323
[27,   630] loss: 0.428
[27,   640] loss: 0.416
[27,   650] loss: 0.304
[27,   660] loss: 0.328
[27,   670] loss: 0.376
[27,   680] loss: 0.326
[27,   690] loss: 0.428
[27,   700] loss: 0.385
[27,   710] loss: 0.460
[27,   720] loss: 0.343
[27,   730] loss: 0.512
[27,   740] loss: 0.501
[27,   750] loss: 0.476
[27,   760] loss: 0.407
[27,   770] loss: 0.380
[27,   780] loss: 0.460
[27,   790] loss: 0.411
[27,   800] loss: 0.388
[27,   810] loss: 0.392
[27,   820] loss: 0.421
[27,   830] loss: 0.328
[27,   840] loss: 0.345
Average Loss for Epoch: 1.814840484406126
[28,    10] loss: 0.616
[28,    20] loss: 0.332
[28,    30] loss: 0.367
[28,    40] loss: 0.379
[28,    50] loss: 0.345
[28,    60] loss: 0.306
[28,    70] loss: 0.305
[28,    80] loss: 0.335
[28,    90] loss: 0.389
[28,   100] loss: 0.408
[28,   110] loss: 0.408
[28,   120] loss: 0.380
[28,   130] loss: 0.300
[28,   140] loss: 0.340
[28,   150] loss: 0.336
[28,   160] loss: 0.449
[28,   170] loss: 0.428
[28,   180] loss: 0.317
[28,   190] loss: 0.348
[28,   200] loss: 0.358
[28,   210] loss: 0.369
[28,   220] loss: 0.398
[28,   230] loss: 0.471
[28,   240] loss: 0.438
[28,   250] loss: 0.382
[28,   260] loss: 0.390
[28,   270] loss: 0.416
[28,   280] loss: 0.394
[28,   290] loss: 0.490
[28,   300] loss: 0.372
[28,   310] loss: 0.417
[28,   320] loss: 0.361
[28,   330] loss: 0.302
[28,   340] loss: 0.354
[28,   350] loss: 0.353
[28,   360] loss: 0.345
[28,   370] loss: 0.323
[28,   380] loss: 0.367
[28,   390] loss: 0.432
[28,   400] loss: 0.457
[28,   410] loss: 0.438
[28,   420] loss: 0.361
[28,   430] loss: 0.350
[28,   440] loss: 0.426
[28,   450] loss: 0.384
[28,   460] loss: 0.465
[28,   470] loss: 0.342
[28,   480] loss: 0.397
[28,   490] loss: 0.393
[28,   500] loss: 0.397
[28,   510] loss: 0.375
[28,   520] loss: 0.358
[28,   530] loss: 0.321
[28,   540] loss: 0.372
[28,   550] loss: 0.335
[28,   560] loss: 0.321
[28,   570] loss: 0.324
[28,   580] loss: 0.364
[28,   590] loss: 0.445
[28,   600] loss: 0.337
[28,   610] loss: 0.454
[28,   620] loss: 0.380
[28,   630] loss: 0.396
[28,   640] loss: 0.335
[28,   650] loss: 0.336
[28,   660] loss: 0.415
[28,   670] loss: 0.402
[28,   680] loss: 0.351
[28,   690] loss: 0.440
[28,   700] loss: 0.433
[28,   710] loss: 0.379
[28,   720] loss: 0.286
[28,   730] loss: 0.350
[28,   740] loss: 0.437
[28,   750] loss: 0.412
[28,   760] loss: 0.389
[28,   770] loss: 0.392
[28,   780] loss: 0.422
[28,   790] loss: 0.405
[28,   800] loss: 0.314
[28,   810] loss: 0.518
[28,   820] loss: 0.400
[28,   830] loss: 0.469
[28,   840] loss: 0.407
Average Loss for Epoch: 1.7841413610008983
[29,    10] loss: 0.655
[29,    20] loss: 0.331
[29,    30] loss: 0.331
[29,    40] loss: 0.374
[29,    50] loss: 0.269
[29,    60] loss: 0.348
[29,    70] loss: 0.458
[29,    80] loss: 0.391
[29,    90] loss: 0.415
[29,   100] loss: 0.393
[29,   110] loss: 0.338
[29,   120] loss: 0.374
[29,   130] loss: 0.353
[29,   140] loss: 0.426
[29,   150] loss: 0.354
[29,   160] loss: 0.328
[29,   170] loss: 0.371
[29,   180] loss: 0.285
[29,   190] loss: 0.349
[29,   200] loss: 0.433
[29,   210] loss: 0.328
[29,   220] loss: 0.319
[29,   230] loss: 0.350
[29,   240] loss: 0.401
[29,   250] loss: 0.325
[29,   260] loss: 0.411
[29,   270] loss: 0.447
[29,   280] loss: 0.335
[29,   290] loss: 0.434
[29,   300] loss: 0.309
[29,   310] loss: 0.378
[29,   320] loss: 0.319
[29,   330] loss: 0.368
[29,   340] loss: 0.336
[29,   350] loss: 0.276
[29,   360] loss: 0.334
[29,   370] loss: 0.277
[29,   380] loss: 0.345
[29,   390] loss: 0.332
[29,   400] loss: 0.341
[29,   410] loss: 0.379
[29,   420] loss: 0.395
[29,   430] loss: 0.395
[29,   440] loss: 0.351
[29,   450] loss: 0.389
[29,   460] loss: 0.337
[29,   470] loss: 0.355
[29,   480] loss: 0.333
[29,   490] loss: 0.312
[29,   500] loss: 0.388
[29,   510] loss: 0.369
[29,   520] loss: 0.409
[29,   530] loss: 0.391
[29,   540] loss: 0.403
[29,   550] loss: 0.432
[29,   560] loss: 0.378
[29,   570] loss: 0.354
[29,   580] loss: 0.341
[29,   590] loss: 0.377
[29,   600] loss: 0.432
[29,   610] loss: 0.336
[29,   620] loss: 0.454
[29,   630] loss: 0.332
[29,   640] loss: 0.436
[29,   650] loss: 0.347
[29,   660] loss: 0.428
[29,   670] loss: 0.378
[29,   680] loss: 0.369
[29,   690] loss: 0.358
[29,   700] loss: 0.359
[29,   710] loss: 0.427
[29,   720] loss: 0.383
[29,   730] loss: 0.281
[29,   740] loss: 0.481
[29,   750] loss: 0.352
[29,   760] loss: 0.365
[29,   770] loss: 0.408
[29,   780] loss: 0.399
[29,   790] loss: 0.465
[29,   800] loss: 0.439
[29,   810] loss: 0.356
[29,   820] loss: 0.430
[29,   830] loss: 0.384
[29,   840] loss: 0.395
Average Loss for Epoch: 1.69546741935938
[30,    10] loss: 0.573
[30,    20] loss: 0.282
[30,    30] loss: 0.289
[30,    40] loss: 0.274
[30,    50] loss: 0.345
[30,    60] loss: 0.257
[30,    70] loss: 0.275
[30,    80] loss: 0.385
[30,    90] loss: 0.321
[30,   100] loss: 0.389
[30,   110] loss: 0.324
[30,   120] loss: 0.319
[30,   130] loss: 0.375
[30,   140] loss: 0.279
[30,   150] loss: 0.327
[30,   160] loss: 0.324
[30,   170] loss: 0.322
[30,   180] loss: 0.324
[30,   190] loss: 0.319
[30,   200] loss: 0.298
[30,   210] loss: 0.302
[30,   220] loss: 0.328
[30,   230] loss: 0.382
[30,   240] loss: 0.360
[30,   250] loss: 0.380
[30,   260] loss: 0.370
[30,   270] loss: 0.304
[30,   280] loss: 0.350
[30,   290] loss: 0.344
[30,   300] loss: 0.396
[30,   310] loss: 0.344
[30,   320] loss: 0.280
[30,   330] loss: 0.299
[30,   340] loss: 0.311
[30,   350] loss: 0.361
[30,   360] loss: 0.353
[30,   370] loss: 0.364
[30,   380] loss: 0.359
[30,   390] loss: 0.272
[30,   400] loss: 0.269
[30,   410] loss: 0.334
[30,   420] loss: 0.414
[30,   430] loss: 0.417
[30,   440] loss: 0.308
[30,   450] loss: 0.420
[30,   460] loss: 0.341
[30,   470] loss: 0.301
[30,   480] loss: 0.352
[30,   490] loss: 0.342
[30,   500] loss: 0.292
[30,   510] loss: 0.341
[30,   520] loss: 0.351
[30,   530] loss: 0.267
[30,   540] loss: 0.361
[30,   550] loss: 0.369
[30,   560] loss: 0.332
[30,   570] loss: 0.378
[30,   580] loss: 0.328
[30,   590] loss: 0.269
[30,   600] loss: 0.278
[30,   610] loss: 0.391
[30,   620] loss: 0.365
[30,   630] loss: 0.287
[30,   640] loss: 0.355
[30,   650] loss: 0.355
[30,   660] loss: 0.270
[30,   670] loss: 0.329
[30,   680] loss: 0.387
[30,   690] loss: 0.440
[30,   700] loss: 0.277
[30,   710] loss: 0.358
[30,   720] loss: 0.322
[30,   730] loss: 0.302
[30,   740] loss: 0.375
[30,   750] loss: 0.373
[30,   760] loss: 0.370
[30,   770] loss: 0.331
[30,   780] loss: 0.364
[30,   790] loss: 0.374
[30,   800] loss: 0.373
[30,   810] loss: 0.443
[30,   820] loss: 0.347
[30,   830] loss: 0.406
[30,   840] loss: 0.364
Average Loss for Epoch: 1.5276055429064819
[31,    10] loss: 0.592
[31,    20] loss: 0.214
[31,    30] loss: 0.327
[31,    40] loss: 0.395
[31,    50] loss: 0.383
[31,    60] loss: 0.294
[31,    70] loss: 0.353
[31,    80] loss: 0.346
[31,    90] loss: 0.294
[31,   100] loss: 0.290
[31,   110] loss: 0.262
[31,   120] loss: 0.322
[31,   130] loss: 0.354
[31,   140] loss: 0.362
[31,   150] loss: 0.347
[31,   160] loss: 0.352
[31,   170] loss: 0.305
[31,   180] loss: 0.339
[31,   190] loss: 0.285
[31,   200] loss: 0.339
[31,   210] loss: 0.240
[31,   220] loss: 0.295
[31,   230] loss: 0.261
[31,   240] loss: 0.288
[31,   250] loss: 0.282
[31,   260] loss: 0.285
[31,   270] loss: 0.281
[31,   280] loss: 0.341
[31,   290] loss: 0.277
[31,   300] loss: 0.218
[31,   310] loss: 0.306
[31,   320] loss: 0.303
[31,   330] loss: 0.278
[31,   340] loss: 0.327
[31,   350] loss: 0.253
[31,   360] loss: 0.303
[31,   370] loss: 0.305
[31,   380] loss: 0.279
[31,   390] loss: 0.295
[31,   400] loss: 0.337
[31,   410] loss: 0.362
[31,   420] loss: 0.249
[31,   430] loss: 0.432
[31,   440] loss: 0.249
[31,   450] loss: 0.284
[31,   460] loss: 0.338
[31,   470] loss: 0.249
[31,   480] loss: 0.260
[31,   490] loss: 0.312
[31,   500] loss: 0.284
[31,   510] loss: 0.299
[31,   520] loss: 0.295
[31,   530] loss: 0.348
[31,   540] loss: 0.389
[31,   550] loss: 0.278
[31,   560] loss: 0.293
[31,   570] loss: 0.293
[31,   580] loss: 0.326
[31,   590] loss: 0.312
[31,   600] loss: 0.313
[31,   610] loss: 0.303
[31,   620] loss: 0.299
[31,   630] loss: 0.266
[31,   640] loss: 0.380
[31,   650] loss: 0.324
[31,   660] loss: 0.346
[31,   670] loss: 0.354
[31,   680] loss: 0.297
[31,   690] loss: 0.319
[31,   700] loss: 0.332
[31,   710] loss: 0.318
[31,   720] loss: 0.409
[31,   730] loss: 0.303
[31,   740] loss: 0.435
[31,   750] loss: 0.312
[31,   760] loss: 0.375
[31,   770] loss: 0.314
[31,   780] loss: 0.362
[31,   790] loss: 0.452
[31,   800] loss: 0.430
[31,   810] loss: 0.431
[31,   820] loss: 0.406
[31,   830] loss: 0.316
[31,   840] loss: 0.346
Average Loss for Epoch: 1.4742384573803178
[32,    10] loss: 0.635
[32,    20] loss: 0.313
[32,    30] loss: 0.349
[32,    40] loss: 0.389
[32,    50] loss: 0.252
[32,    60] loss: 0.218
[32,    70] loss: 0.309
[32,    80] loss: 0.252
[32,    90] loss: 0.290
[32,   100] loss: 0.326
[32,   110] loss: 0.226
[32,   120] loss: 0.233
[32,   130] loss: 0.237
[32,   140] loss: 0.295
[32,   150] loss: 0.250
[32,   160] loss: 0.235
[32,   170] loss: 0.257
[32,   180] loss: 0.274
[32,   190] loss: 0.261
[32,   200] loss: 0.214
[32,   210] loss: 0.321
[32,   220] loss: 0.308
[32,   230] loss: 0.234
[32,   240] loss: 0.274
[32,   250] loss: 0.224
[32,   260] loss: 0.367
[32,   270] loss: 0.232
[32,   280] loss: 0.342
[32,   290] loss: 0.269
[32,   300] loss: 0.239
[32,   310] loss: 0.273
[32,   320] loss: 0.330
[32,   330] loss: 0.404
[32,   340] loss: 0.314
[32,   350] loss: 0.275
[32,   360] loss: 0.230
[32,   370] loss: 0.256
[32,   380] loss: 0.281
[32,   390] loss: 0.330
[32,   400] loss: 0.307
[32,   410] loss: 0.312
[32,   420] loss: 0.288
[32,   430] loss: 0.276
[32,   440] loss: 0.212
[32,   450] loss: 0.260
[32,   460] loss: 0.362
[32,   470] loss: 0.315
[32,   480] loss: 0.295
[32,   490] loss: 0.241
[32,   500] loss: 0.221
[32,   510] loss: 0.266
[32,   520] loss: 0.294
[32,   530] loss: 0.372
[32,   540] loss: 0.336
[32,   550] loss: 0.277
[32,   560] loss: 0.312
[32,   570] loss: 0.328
[32,   580] loss: 0.350
[32,   590] loss: 0.348
[32,   600] loss: 0.328
[32,   610] loss: 0.407
[32,   620] loss: 0.334
[32,   630] loss: 0.323
[32,   640] loss: 0.489
[32,   650] loss: 0.270
[32,   660] loss: 0.263
[32,   670] loss: 0.306
[32,   680] loss: 0.500
[32,   690] loss: 0.300
[32,   700] loss: 0.346
[32,   710] loss: 0.294
[32,   720] loss: 0.267
[32,   730] loss: 0.326
[32,   740] loss: 0.253
[32,   750] loss: 0.305
[32,   760] loss: 0.301
[32,   770] loss: 0.278
[32,   780] loss: 0.292
[32,   790] loss: 0.264
[32,   800] loss: 0.293
[32,   810] loss: 0.398
[32,   820] loss: 0.344
[32,   830] loss: 0.299
[32,   840] loss: 0.379
Average Loss for Epoch: 1.382062498915505
[33,    10] loss: 0.561
[33,    20] loss: 0.351
[33,    30] loss: 0.276
[33,    40] loss: 0.319
[33,    50] loss: 0.326
[33,    60] loss: 0.328
[33,    70] loss: 0.305
[33,    80] loss: 0.310
[33,    90] loss: 0.282
[33,   100] loss: 0.263
[33,   110] loss: 0.240
[33,   120] loss: 0.320
[33,   130] loss: 0.203
[33,   140] loss: 0.263
[33,   150] loss: 0.217
[33,   160] loss: 0.243
[33,   170] loss: 0.275
[33,   180] loss: 0.229
[33,   190] loss: 0.210
[33,   200] loss: 0.300
[33,   210] loss: 0.190
[33,   220] loss: 0.246
[33,   230] loss: 0.284
[33,   240] loss: 0.301
[33,   250] loss: 0.287
[33,   260] loss: 0.258
[33,   270] loss: 0.264
[33,   280] loss: 0.426
[33,   290] loss: 0.299
[33,   300] loss: 0.268
[33,   310] loss: 0.369
[33,   320] loss: 0.506
[33,   330] loss: 0.340
[33,   340] loss: 0.310
[33,   350] loss: 0.295
[33,   360] loss: 0.289
[33,   370] loss: 0.290
[33,   380] loss: 0.226
[33,   390] loss: 0.254
[33,   400] loss: 0.311
[33,   410] loss: 0.271
[33,   420] loss: 0.324
[33,   430] loss: 0.348
[33,   440] loss: 0.269
[33,   450] loss: 0.343
[33,   460] loss: 0.349
[33,   470] loss: 0.236
[33,   480] loss: 0.363
[33,   490] loss: 0.279
[33,   500] loss: 0.245
[33,   510] loss: 0.290
[33,   520] loss: 0.245
[33,   530] loss: 0.255
[33,   540] loss: 0.223
[33,   550] loss: 0.254
[33,   560] loss: 0.264
[33,   570] loss: 0.277
[33,   580] loss: 0.301
[33,   590] loss: 0.251
[33,   600] loss: 0.222
[33,   610] loss: 0.392
[33,   620] loss: 0.349
[33,   630] loss: 0.258
[33,   640] loss: 0.355
[33,   650] loss: 0.301
[33,   660] loss: 0.334
[33,   670] loss: 0.388
[33,   680] loss: 0.276
[33,   690] loss: 0.318
[33,   700] loss: 0.337
[33,   710] loss: 0.266
[33,   720] loss: 0.212
[33,   730] loss: 0.358
[33,   740] loss: 0.302
[33,   750] loss: 0.327
[33,   760] loss: 0.312
[33,   770] loss: 0.326
[33,   780] loss: 0.356
[33,   790] loss: 0.373
[33,   800] loss: 0.360
[33,   810] loss: 0.283
[33,   820] loss: 0.307
[33,   830] loss: 0.282
[33,   840] loss: 0.286
Average Loss for Epoch: 1.360347025694574
[34,    10] loss: 0.422
[34,    20] loss: 0.261
[34,    30] loss: 0.272
[34,    40] loss: 0.263
[34,    50] loss: 0.193
[34,    60] loss: 0.269
[34,    70] loss: 0.371
[34,    80] loss: 0.209
[34,    90] loss: 0.298
[34,   100] loss: 0.311
[34,   110] loss: 0.207
[34,   120] loss: 0.194
[34,   130] loss: 0.195
[34,   140] loss: 0.261
[34,   150] loss: 0.209
[34,   160] loss: 0.276
[34,   170] loss: 0.229
[34,   180] loss: 0.290
[34,   190] loss: 0.255
[34,   200] loss: 0.308
[34,   210] loss: 0.254
[34,   220] loss: 0.207
[34,   230] loss: 0.237
[34,   240] loss: 0.282
[34,   250] loss: 0.285
[34,   260] loss: 0.208
[34,   270] loss: 0.238
[34,   280] loss: 0.316
[34,   290] loss: 0.277
[34,   300] loss: 0.242
[34,   310] loss: 0.264
[34,   320] loss: 0.224
[34,   330] loss: 0.233
[34,   340] loss: 0.289
[34,   350] loss: 0.326
[34,   360] loss: 0.259
[34,   370] loss: 0.444
[34,   380] loss: 0.315
[34,   390] loss: 0.302
[34,   400] loss: 0.183
[34,   410] loss: 0.236
[34,   420] loss: 0.194
[34,   430] loss: 0.283
[34,   440] loss: 0.305
[34,   450] loss: 0.202
[34,   460] loss: 0.337
[34,   470] loss: 0.313
[34,   480] loss: 0.265
[34,   490] loss: 0.246
[34,   500] loss: 0.236
[34,   510] loss: 0.252
[34,   520] loss: 0.226
[34,   530] loss: 0.273
[34,   540] loss: 0.271
[34,   550] loss: 0.265
[34,   560] loss: 0.234
[34,   570] loss: 0.223
[34,   580] loss: 0.301
[34,   590] loss: 0.272
[34,   600] loss: 0.249
[34,   610] loss: 0.226
[34,   620] loss: 0.271
[34,   630] loss: 0.228
[34,   640] loss: 0.216
[34,   650] loss: 0.257
[34,   660] loss: 0.295
[34,   670] loss: 0.280
[34,   680] loss: 0.278
[34,   690] loss: 0.302
[34,   700] loss: 0.381
[34,   710] loss: 0.270
[34,   720] loss: 0.334
[34,   730] loss: 0.289
[34,   740] loss: 0.265
[34,   750] loss: 0.267
[34,   760] loss: 0.291
[34,   770] loss: 0.303
[34,   780] loss: 0.319
[34,   790] loss: 0.332
[34,   800] loss: 0.288
[34,   810] loss: 0.349
[34,   820] loss: 0.247
[34,   830] loss: 0.236
[34,   840] loss: 0.288
Average Loss for Epoch: 1.2254715464314294
[35,    10] loss: 0.517
[35,    20] loss: 0.274
[35,    30] loss: 0.238
[35,    40] loss: 0.284
[35,    50] loss: 0.251
[35,    60] loss: 0.321
[35,    70] loss: 0.299
[35,    80] loss: 0.315
[35,    90] loss: 0.278
[35,   100] loss: 0.267
[35,   110] loss: 0.274
[35,   120] loss: 0.458
[35,   130] loss: 0.303
[35,   140] loss: 0.361
[35,   150] loss: 0.308
[35,   160] loss: 0.299
[35,   170] loss: 0.243
[35,   180] loss: 0.265
[35,   190] loss: 0.274
[35,   200] loss: 0.271
[35,   210] loss: 0.346
[35,   220] loss: 0.308
[35,   230] loss: 0.232
[35,   240] loss: 0.246
[35,   250] loss: 0.332
[35,   260] loss: 0.313
[35,   270] loss: 0.247
[35,   280] loss: 0.215
[35,   290] loss: 0.278
[35,   300] loss: 0.152
[35,   310] loss: 0.247
[35,   320] loss: 0.277
[35,   330] loss: 0.341
[35,   340] loss: 0.237
[35,   350] loss: 0.282
[35,   360] loss: 0.248
[35,   370] loss: 0.249
[35,   380] loss: 0.227
[35,   390] loss: 0.269
[35,   400] loss: 0.244
[35,   410] loss: 0.257
[35,   420] loss: 0.276
[35,   430] loss: 0.253
[35,   440] loss: 0.214
[35,   450] loss: 0.181
[35,   460] loss: 0.228
[35,   470] loss: 0.246
[35,   480] loss: 0.271
[35,   490] loss: 0.178
[35,   500] loss: 0.249
[35,   510] loss: 0.237
[35,   520] loss: 0.258
[35,   530] loss: 0.193
[35,   540] loss: 0.196
[35,   550] loss: 0.198
[35,   560] loss: 0.306
[35,   570] loss: 0.320
[35,   580] loss: 0.320
[35,   590] loss: 0.264
[35,   600] loss: 0.335
[35,   610] loss: 0.240
[35,   620] loss: 0.293
[35,   630] loss: 0.343
[35,   640] loss: 0.266
[35,   650] loss: 0.309
[35,   660] loss: 0.288
[35,   670] loss: 0.361
[35,   680] loss: 0.320
[35,   690] loss: 0.197
[35,   700] loss: 0.273
[35,   710] loss: 0.320
[35,   720] loss: 0.326
[35,   730] loss: 0.251
[35,   740] loss: 0.244
[35,   750] loss: 0.233
[35,   760] loss: 0.275
[35,   770] loss: 0.226
[35,   780] loss: 0.226
[35,   790] loss: 0.272
[35,   800] loss: 0.257
[35,   810] loss: 0.220
[35,   820] loss: 0.314
[35,   830] loss: 0.209
[35,   840] loss: 0.205
Average Loss for Epoch: 1.2402607866880675
[36,    10] loss: 0.457
[36,    20] loss: 0.243
[36,    30] loss: 0.256
[36,    40] loss: 0.282
[36,    50] loss: 0.273
[36,    60] loss: 0.214
[36,    70] loss: 0.284
[36,    80] loss: 0.206
[36,    90] loss: 0.260
[36,   100] loss: 0.172
[36,   110] loss: 0.210
[36,   120] loss: 0.221
[36,   130] loss: 0.188
[36,   140] loss: 0.234
[36,   150] loss: 0.306
[36,   160] loss: 0.249
[36,   170] loss: 0.248
[36,   180] loss: 0.202
[36,   190] loss: 0.320
[36,   200] loss: 0.220
[36,   210] loss: 0.201
[36,   220] loss: 0.188
[36,   230] loss: 0.243
[36,   240] loss: 0.243
[36,   250] loss: 0.316
[36,   260] loss: 0.292
[36,   270] loss: 0.266
[36,   280] loss: 0.199
[36,   290] loss: 0.289
[36,   300] loss: 0.220
[36,   310] loss: 0.245
[36,   320] loss: 0.286
[36,   330] loss: 0.201
[36,   340] loss: 0.338
[36,   350] loss: 0.218
[36,   360] loss: 0.303
[36,   370] loss: 0.267
[36,   380] loss: 0.287
[36,   390] loss: 0.243
[36,   400] loss: 0.254
[36,   410] loss: 0.332
[36,   420] loss: 0.239
[36,   430] loss: 0.270
[36,   440] loss: 0.265
[36,   450] loss: 0.248
[36,   460] loss: 0.231
[36,   470] loss: 0.282
[36,   480] loss: 0.270
[36,   490] loss: 0.206
[36,   500] loss: 0.189
[36,   510] loss: 0.258
[36,   520] loss: 0.256
[36,   530] loss: 0.219
[36,   540] loss: 0.268
[36,   550] loss: 0.248
[36,   560] loss: 0.299
[36,   570] loss: 0.189
[36,   580] loss: 0.258
[36,   590] loss: 0.278
[36,   600] loss: 0.292
[36,   610] loss: 0.252
[36,   620] loss: 0.230
[36,   630] loss: 0.223
[36,   640] loss: 0.243
[36,   650] loss: 0.285
[36,   660] loss: 0.310
[36,   670] loss: 0.209
[36,   680] loss: 0.236
[36,   690] loss: 0.236
[36,   700] loss: 0.192
[36,   710] loss: 0.293
[36,   720] loss: 0.188
[36,   730] loss: 0.257
[36,   740] loss: 0.214
[36,   750] loss: 0.276
[36,   760] loss: 0.218
[36,   770] loss: 0.235
[36,   780] loss: 0.245
[36,   790] loss: 0.249
[36,   800] loss: 0.212
[36,   810] loss: 0.218
[36,   820] loss: 0.205
[36,   830] loss: 0.264
[36,   840] loss: 0.218
Average Loss for Epoch: 1.1279458699543403
[37,    10] loss: 0.339
[37,    20] loss: 0.174
[37,    30] loss: 0.190
[37,    40] loss: 0.221
[37,    50] loss: 0.239
[37,    60] loss: 0.200
[37,    70] loss: 0.274
[37,    80] loss: 0.288
[37,    90] loss: 0.171
[37,   100] loss: 0.224
[37,   110] loss: 0.248
[37,   120] loss: 0.210
[37,   130] loss: 0.187
[37,   140] loss: 0.204
[37,   150] loss: 0.282
[37,   160] loss: 0.215
[37,   170] loss: 0.222
[37,   180] loss: 0.248
[37,   190] loss: 0.198
[37,   200] loss: 0.309
[37,   210] loss: 0.228
[37,   220] loss: 0.319
[37,   230] loss: 0.212
[37,   240] loss: 0.257
[37,   250] loss: 0.225
[37,   260] loss: 0.241
[37,   270] loss: 0.234
[37,   280] loss: 0.228
[37,   290] loss: 0.176
[37,   300] loss: 0.266
[37,   310] loss: 0.203
[37,   320] loss: 0.216
[37,   330] loss: 0.310
[37,   340] loss: 0.293
[37,   350] loss: 0.290
[37,   360] loss: 0.314
[37,   370] loss: 0.228
[37,   380] loss: 0.252
[37,   390] loss: 0.216
[37,   400] loss: 0.228
[37,   410] loss: 0.225
[37,   420] loss: 0.237
[37,   430] loss: 0.212
[37,   440] loss: 0.275
[37,   450] loss: 0.293
[37,   460] loss: 0.248
[37,   470] loss: 0.214
[37,   480] loss: 0.236
[37,   490] loss: 0.204
[37,   500] loss: 0.208
[37,   510] loss: 0.198
[37,   520] loss: 0.207
[37,   530] loss: 0.185
[37,   540] loss: 0.214
[37,   550] loss: 0.192
[37,   560] loss: 0.219
[37,   570] loss: 0.220
[37,   580] loss: 0.264
[37,   590] loss: 0.219
[37,   600] loss: 0.351
[37,   610] loss: 0.321
[37,   620] loss: 0.218
[37,   630] loss: 0.320
[37,   640] loss: 0.202
[37,   650] loss: 0.220
[37,   660] loss: 0.208
[37,   670] loss: 0.244
[37,   680] loss: 0.278
[37,   690] loss: 0.198
[37,   700] loss: 0.189
[37,   710] loss: 0.205
[37,   720] loss: 0.180
[37,   730] loss: 0.238
[37,   740] loss: 0.183
[37,   750] loss: 0.277
[37,   760] loss: 0.284
[37,   770] loss: 0.226
[37,   780] loss: 0.206
[37,   790] loss: 0.305
[37,   800] loss: 0.286
[37,   810] loss: 0.277
[37,   820] loss: 0.252
[37,   830] loss: 0.260
[37,   840] loss: 0.236
Average Loss for Epoch: 1.0906603075080104
[38,    10] loss: 0.490
[38,    20] loss: 0.217
[38,    30] loss: 0.177
[38,    40] loss: 0.216
[38,    50] loss: 0.238
[38,    60] loss: 0.243
[38,    70] loss: 0.201
[38,    80] loss: 0.234
[38,    90] loss: 0.197
[38,   100] loss: 0.220
[38,   110] loss: 0.233
[38,   120] loss: 0.268
[38,   130] loss: 0.167
[38,   140] loss: 0.271
[38,   150] loss: 0.256
[38,   160] loss: 0.254
[38,   170] loss: 0.227
[38,   180] loss: 0.265
[38,   190] loss: 0.239
[38,   200] loss: 0.246
[38,   210] loss: 0.238
[38,   220] loss: 0.302
[38,   230] loss: 0.237
[38,   240] loss: 0.166
[38,   250] loss: 0.197
[38,   260] loss: 0.180
[38,   270] loss: 0.290
[38,   280] loss: 0.208
[38,   290] loss: 0.241
[38,   300] loss: 0.257
[38,   310] loss: 0.207
[38,   320] loss: 0.199
[38,   330] loss: 0.202
[38,   340] loss: 0.292
[38,   350] loss: 0.316
[38,   360] loss: 0.205
[38,   370] loss: 0.206
[38,   380] loss: 0.205
[38,   390] loss: 0.242
[38,   400] loss: 0.225
[38,   410] loss: 0.183
[38,   420] loss: 0.250
[38,   430] loss: 0.205
[38,   440] loss: 0.236
[38,   450] loss: 0.173
[38,   460] loss: 0.260
[38,   470] loss: 0.219
[38,   480] loss: 0.205
[38,   490] loss: 0.279
[38,   500] loss: 0.272
[38,   510] loss: 0.182
[38,   520] loss: 0.264
[38,   530] loss: 0.319
[38,   540] loss: 0.224
[38,   550] loss: 0.239
[38,   560] loss: 0.267
[38,   570] loss: 0.221
[38,   580] loss: 0.300
[38,   590] loss: 0.225
[38,   600] loss: 0.328
[38,   610] loss: 0.176
[38,   620] loss: 0.254
[38,   630] loss: 0.247
[38,   640] loss: 0.324
[38,   650] loss: 0.219
[38,   660] loss: 0.286
[38,   670] loss: 0.215
[38,   680] loss: 0.353
[38,   690] loss: 0.238
[38,   700] loss: 0.246
[38,   710] loss: 0.261
[38,   720] loss: 0.304
[38,   730] loss: 0.248
[38,   740] loss: 0.248
[38,   750] loss: 0.257
[38,   760] loss: 0.224
[38,   770] loss: 0.256
[38,   780] loss: 0.337
[38,   790] loss: 0.290
[38,   800] loss: 0.208
[38,   810] loss: 0.297
[38,   820] loss: 0.237
[38,   830] loss: 0.231
[38,   840] loss: 0.229
Average Loss for Epoch: 1.1068910755692083
[39,    10] loss: 0.362
[39,    20] loss: 0.240
[39,    30] loss: 0.294
[39,    40] loss: 0.168
[39,    50] loss: 0.178
[39,    60] loss: 0.303
[39,    70] loss: 0.215
[39,    80] loss: 0.186
[39,    90] loss: 0.203
[39,   100] loss: 0.223
[39,   110] loss: 0.235
[39,   120] loss: 0.193
[39,   130] loss: 0.206
[39,   140] loss: 0.268
[39,   150] loss: 0.230
[39,   160] loss: 0.197
[39,   170] loss: 0.265
[39,   180] loss: 0.198
[39,   190] loss: 0.147
[39,   200] loss: 0.180
[39,   210] loss: 0.218
[39,   220] loss: 0.196
[39,   230] loss: 0.201
[39,   240] loss: 0.218
[39,   250] loss: 0.265
[39,   260] loss: 0.193
[39,   270] loss: 0.179
[39,   280] loss: 0.198
[39,   290] loss: 0.241
[39,   300] loss: 0.261
[39,   310] loss: 0.257
[39,   320] loss: 0.192
[39,   330] loss: 0.212
[39,   340] loss: 0.166
[39,   350] loss: 0.181
[39,   360] loss: 0.213
[39,   370] loss: 0.237
[39,   380] loss: 0.169
[39,   390] loss: 0.219
[39,   400] loss: 0.217
[39,   410] loss: 0.197
[39,   420] loss: 0.176
[39,   430] loss: 0.231
[39,   440] loss: 0.188
[39,   450] loss: 0.246
[39,   460] loss: 0.206
[39,   470] loss: 0.161
[39,   480] loss: 0.186
[39,   490] loss: 0.265
[39,   500] loss: 0.305
[39,   510] loss: 0.258
[39,   520] loss: 0.212
[39,   530] loss: 0.368
[39,   540] loss: 0.300
[39,   550] loss: 0.282
[39,   560] loss: 0.268
[39,   570] loss: 0.196
[39,   580] loss: 0.186
[39,   590] loss: 0.164
[39,   600] loss: 0.220
[39,   610] loss: 0.202
[39,   620] loss: 0.204
[39,   630] loss: 0.260
[39,   640] loss: 0.216
[39,   650] loss: 0.227
[39,   660] loss: 0.241
[39,   670] loss: 0.282
[39,   680] loss: 0.221
[39,   690] loss: 0.193
[39,   700] loss: 0.261
[39,   710] loss: 0.269
[39,   720] loss: 0.272
[39,   730] loss: 0.294
[39,   740] loss: 0.274
[39,   750] loss: 0.323
[39,   760] loss: 0.207
[39,   770] loss: 0.244
[39,   780] loss: 0.249
[39,   790] loss: 0.162
[39,   800] loss: 0.242
[39,   810] loss: 0.229
[39,   820] loss: 0.272
[39,   830] loss: 0.287
[39,   840] loss: 0.266
Average Loss for Epoch: 1.035665373404762
[40,    10] loss: 0.348
[40,    20] loss: 0.244
[40,    30] loss: 0.218
[40,    40] loss: 0.207
[40,    50] loss: 0.138
[40,    60] loss: 0.211
[40,    70] loss: 0.267
[40,    80] loss: 0.166
[40,    90] loss: 0.203
[40,   100] loss: 0.233
[40,   110] loss: 0.195
[40,   120] loss: 0.227
[40,   130] loss: 0.239
[40,   140] loss: 0.182
[40,   150] loss: 0.315
[40,   160] loss: 0.210
[40,   170] loss: 0.264
[40,   180] loss: 0.155
[40,   190] loss: 0.249
[40,   200] loss: 0.191
[40,   210] loss: 0.174
[40,   220] loss: 0.168
[40,   230] loss: 0.200
[40,   240] loss: 0.174
[40,   250] loss: 0.155
[40,   260] loss: 0.196
[40,   270] loss: 0.220
[40,   280] loss: 0.165
[40,   290] loss: 0.236
[40,   300] loss: 0.262
[40,   310] loss: 0.219
[40,   320] loss: 0.202
[40,   330] loss: 0.232
[40,   340] loss: 0.257
[40,   350] loss: 0.267
[40,   360] loss: 0.368
[40,   370] loss: 0.241
[40,   380] loss: 0.206
[40,   390] loss: 0.234
[40,   400] loss: 0.236
[40,   410] loss: 0.218
[40,   420] loss: 0.215
[40,   430] loss: 0.188
[40,   440] loss: 0.238
[40,   450] loss: 0.236
[40,   460] loss: 0.184
[40,   470] loss: 0.222
[40,   480] loss: 0.213
[40,   490] loss: 0.219
[40,   500] loss: 0.285
[40,   510] loss: 0.201
[40,   520] loss: 0.134
[40,   530] loss: 0.215
[40,   540] loss: 0.236
[40,   550] loss: 0.168
[40,   560] loss: 0.213
[40,   570] loss: 0.199
[40,   580] loss: 0.238
[40,   590] loss: 0.177
[40,   600] loss: 0.275
[40,   610] loss: 0.234
[40,   620] loss: 0.257
[40,   630] loss: 0.272
[40,   640] loss: 0.200
[40,   650] loss: 0.146
[40,   660] loss: 0.248
[40,   670] loss: 0.204
[40,   680] loss: 0.294
[40,   690] loss: 0.199
[40,   700] loss: 0.283
[40,   710] loss: 0.247
[40,   720] loss: 0.231
[40,   730] loss: 0.190
[40,   740] loss: 0.221
[40,   750] loss: 0.169
[40,   760] loss: 0.239
[40,   770] loss: 0.237
[40,   780] loss: 0.205
[40,   790] loss: 0.233
[40,   800] loss: 0.183
[40,   810] loss: 0.222
[40,   820] loss: 0.182
[40,   830] loss: 0.236
[40,   840] loss: 0.250
Average Loss for Epoch: 0.986959973748206
[41,    10] loss: 0.339
[41,    20] loss: 0.204
[41,    30] loss: 0.238
[41,    40] loss: 0.200
[41,    50] loss: 0.235
[41,    60] loss: 0.156
[41,    70] loss: 0.134
[41,    80] loss: 0.207
[41,    90] loss: 0.159
[41,   100] loss: 0.145
[41,   110] loss: 0.176
[41,   120] loss: 0.238
[41,   130] loss: 0.110
[41,   140] loss: 0.166
[41,   150] loss: 0.221
[41,   160] loss: 0.130
[41,   170] loss: 0.221
[41,   180] loss: 0.154
[41,   190] loss: 0.194
[41,   200] loss: 0.252
[41,   210] loss: 0.153
[41,   220] loss: 0.241
[41,   230] loss: 0.131
[41,   240] loss: 0.157
[41,   250] loss: 0.207
[41,   260] loss: 0.226
[41,   270] loss: 0.170
[41,   280] loss: 0.184
[41,   290] loss: 0.226
[41,   300] loss: 0.244
[41,   310] loss: 0.199
[41,   320] loss: 0.188
[41,   330] loss: 0.184
[41,   340] loss: 0.201
[41,   350] loss: 0.236
[41,   360] loss: 0.263
[41,   370] loss: 0.174
[41,   380] loss: 0.350
[41,   390] loss: 0.210
[41,   400] loss: 0.242
[41,   410] loss: 0.210
[41,   420] loss: 0.224
[41,   430] loss: 0.294
[41,   440] loss: 0.178
[41,   450] loss: 0.175
[41,   460] loss: 0.230
[41,   470] loss: 0.152
[41,   480] loss: 0.232
[41,   490] loss: 0.197
[41,   500] loss: 0.229
[41,   510] loss: 0.154
[41,   520] loss: 0.177
[41,   530] loss: 0.215
[41,   540] loss: 0.211
[41,   550] loss: 0.218
[41,   560] loss: 0.223
[41,   570] loss: 0.156
[41,   580] loss: 0.198
[41,   590] loss: 0.195
[41,   600] loss: 0.163
[41,   610] loss: 0.215
[41,   620] loss: 0.209
[41,   630] loss: 0.238
[41,   640] loss: 0.222
[41,   650] loss: 0.175
[41,   660] loss: 0.204
[41,   670] loss: 0.209
[41,   680] loss: 0.265
[41,   690] loss: 0.193
[41,   700] loss: 0.231
[41,   710] loss: 0.181
[41,   720] loss: 0.211
[41,   730] loss: 0.209
[41,   740] loss: 0.174
[41,   750] loss: 0.233
[41,   760] loss: 0.179
[41,   770] loss: 0.172
[41,   780] loss: 0.217
[41,   790] loss: 0.233
[41,   800] loss: 0.212
[41,   810] loss: 0.264
[41,   820] loss: 0.302
[41,   830] loss: 0.259
[41,   840] loss: 0.213
Average Loss for Epoch: 0.9364715916805031
[42,    10] loss: 0.261
[42,    20] loss: 0.194
[42,    30] loss: 0.183
[42,    40] loss: 0.188
[42,    50] loss: 0.227
[42,    60] loss: 0.240
[42,    70] loss: 0.251
[42,    80] loss: 0.196
[42,    90] loss: 0.212
[42,   100] loss: 0.184
[42,   110] loss: 0.252
[42,   120] loss: 0.238
[42,   130] loss: 0.180
[42,   140] loss: 0.243
[42,   150] loss: 0.195
[42,   160] loss: 0.207
[42,   170] loss: 0.200
[42,   180] loss: 0.207
[42,   190] loss: 0.176
[42,   200] loss: 0.226
[42,   210] loss: 0.225
[42,   220] loss: 0.207
[42,   230] loss: 0.158
[42,   240] loss: 0.265
[42,   250] loss: 0.262
[42,   260] loss: 0.220
[42,   270] loss: 0.224
[42,   280] loss: 0.190
[42,   290] loss: 0.194
[42,   300] loss: 0.230
[42,   310] loss: 0.164
[42,   320] loss: 0.224
[42,   330] loss: 0.150
[42,   340] loss: 0.183
[42,   350] loss: 0.179
[42,   360] loss: 0.183
[42,   370] loss: 0.183
[42,   380] loss: 0.187
[42,   390] loss: 0.151
[42,   400] loss: 0.136
[42,   410] loss: 0.196
[42,   420] loss: 0.223
[42,   430] loss: 0.214
[42,   440] loss: 0.213
[42,   450] loss: 0.237
[42,   460] loss: 0.176
[42,   470] loss: 0.228
[42,   480] loss: 0.182
[42,   490] loss: 0.215
[42,   500] loss: 0.183
[42,   510] loss: 0.222
[42,   520] loss: 0.236
[42,   530] loss: 0.242
[42,   540] loss: 0.185
[42,   550] loss: 0.195
[42,   560] loss: 0.258
[42,   570] loss: 0.198
[42,   580] loss: 0.206
[42,   590] loss: 0.243
[42,   600] loss: 0.221
[42,   610] loss: 0.280
[42,   620] loss: 0.144
[42,   630] loss: 0.222
[42,   640] loss: 0.248
[42,   650] loss: 0.166
[42,   660] loss: 0.179
[42,   670] loss: 0.265
[42,   680] loss: 0.197
[42,   690] loss: 0.215
[42,   700] loss: 0.214
[42,   710] loss: 0.222
[42,   720] loss: 0.188
[42,   730] loss: 0.247
[42,   740] loss: 0.213
[42,   750] loss: 0.185
[42,   760] loss: 0.210
[42,   770] loss: 0.227
[42,   780] loss: 0.276
[42,   790] loss: 0.236
[42,   800] loss: 0.285
[42,   810] loss: 0.271
[42,   820] loss: 0.221
[42,   830] loss: 0.286
[42,   840] loss: 0.246
Average Loss for Epoch: 0.9502129797090324
[43,    10] loss: 0.341
[43,    20] loss: 0.179
[43,    30] loss: 0.223
[43,    40] loss: 0.241
[43,    50] loss: 0.178
[43,    60] loss: 0.183
[43,    70] loss: 0.224
[43,    80] loss: 0.158
[43,    90] loss: 0.189
[43,   100] loss: 0.162
[43,   110] loss: 0.164
[43,   120] loss: 0.206
[43,   130] loss: 0.160
[43,   140] loss: 0.157
[43,   150] loss: 0.162
[43,   160] loss: 0.180
[43,   170] loss: 0.193
[43,   180] loss: 0.197
[43,   190] loss: 0.187
[43,   200] loss: 0.190
[43,   210] loss: 0.220
[43,   220] loss: 0.227
[43,   230] loss: 0.173
[43,   240] loss: 0.166
[43,   250] loss: 0.237
[43,   260] loss: 0.196
[43,   270] loss: 0.227
[43,   280] loss: 0.217
[43,   290] loss: 0.200
[43,   300] loss: 0.222
[43,   310] loss: 0.178
[43,   320] loss: 0.248
[43,   330] loss: 0.242
[43,   340] loss: 0.156
[43,   350] loss: 0.193
[43,   360] loss: 0.247
[43,   370] loss: 0.226
[43,   380] loss: 0.302
[43,   390] loss: 0.201
[43,   400] loss: 0.163
[43,   410] loss: 0.251
[43,   420] loss: 0.216
[43,   430] loss: 0.176
[43,   440] loss: 0.267
[43,   450] loss: 0.221
[43,   460] loss: 0.258
[43,   470] loss: 0.242
[43,   480] loss: 0.215
[43,   490] loss: 0.243
[43,   500] loss: 0.182
[43,   510] loss: 0.246
[43,   520] loss: 0.200
[43,   530] loss: 0.201
[43,   540] loss: 0.224
[43,   550] loss: 0.249
[43,   560] loss: 0.266
[43,   570] loss: 0.286
[43,   580] loss: 0.214
[43,   590] loss: 0.260
[43,   600] loss: 0.317
[43,   610] loss: 0.229
[43,   620] loss: 0.180
[43,   630] loss: 0.314
[43,   640] loss: 0.258
[43,   650] loss: 0.263
[43,   660] loss: 0.220
[43,   670] loss: 0.202
[43,   680] loss: 0.210
[43,   690] loss: 0.185
[43,   700] loss: 0.184
[43,   710] loss: 0.173
[43,   720] loss: 0.204
[43,   730] loss: 0.197
[43,   740] loss: 0.135
[43,   750] loss: 0.154
[43,   760] loss: 0.291
[43,   770] loss: 0.132
[43,   780] loss: 0.182
[43,   790] loss: 0.228
[43,   800] loss: 0.250
[43,   810] loss: 0.118
[43,   820] loss: 0.184
[43,   830] loss: 0.168
[43,   840] loss: 0.229
Average Loss for Epoch: 0.9590894218397886
[44,    10] loss: 0.341
[44,    20] loss: 0.157
[44,    30] loss: 0.120
[44,    40] loss: 0.128
[44,    50] loss: 0.223
[44,    60] loss: 0.189
[44,    70] loss: 0.192
[44,    80] loss: 0.169
[44,    90] loss: 0.180
[44,   100] loss: 0.183
[44,   110] loss: 0.165
[44,   120] loss: 0.221
[44,   130] loss: 0.217
[44,   140] loss: 0.198
[44,   150] loss: 0.215
[44,   160] loss: 0.164
[44,   170] loss: 0.231
[44,   180] loss: 0.163
[44,   190] loss: 0.179
[44,   200] loss: 0.252
[44,   210] loss: 0.157
[44,   220] loss: 0.192
[44,   230] loss: 0.237
[44,   240] loss: 0.308
[44,   250] loss: 0.250
[44,   260] loss: 0.194
[44,   270] loss: 0.206
[44,   280] loss: 0.177
[44,   290] loss: 0.159
[44,   300] loss: 0.176
[44,   310] loss: 0.186
[44,   320] loss: 0.162
[44,   330] loss: 0.201
[44,   340] loss: 0.202
[44,   350] loss: 0.266
[44,   360] loss: 0.229
[44,   370] loss: 0.186
[44,   380] loss: 0.221
[44,   390] loss: 0.278
[44,   400] loss: 0.194
[44,   410] loss: 0.149
[44,   420] loss: 0.165
[44,   430] loss: 0.188
[44,   440] loss: 0.178
[44,   450] loss: 0.159
[44,   460] loss: 0.172
[44,   470] loss: 0.130
[44,   480] loss: 0.174
[44,   490] loss: 0.221
[44,   500] loss: 0.153
[44,   510] loss: 0.201
[44,   520] loss: 0.167
[44,   530] loss: 0.165
[44,   540] loss: 0.181
[44,   550] loss: 0.195
[44,   560] loss: 0.201
[44,   570] loss: 0.179
[44,   580] loss: 0.150
[44,   590] loss: 0.153
[44,   600] loss: 0.143
[44,   610] loss: 0.238
[44,   620] loss: 0.180
[44,   630] loss: 0.191
[44,   640] loss: 0.250
[44,   650] loss: 0.187
[44,   660] loss: 0.186
[44,   670] loss: 0.186
[44,   680] loss: 0.150
[44,   690] loss: 0.246
[44,   700] loss: 0.249
[44,   710] loss: 0.154
[44,   720] loss: 0.183
[44,   730] loss: 0.288
[44,   740] loss: 0.236
[44,   750] loss: 0.189
[44,   760] loss: 0.182
[44,   770] loss: 0.232
[44,   780] loss: 0.228
[44,   790] loss: 0.195
[44,   800] loss: 0.210
[44,   810] loss: 0.152
[44,   820] loss: 0.201
[44,   830] loss: 0.206
[44,   840] loss: 0.179
Average Loss for Epoch: 0.8948023469355552
[45,    10] loss: 0.343
[45,    20] loss: 0.166
[45,    30] loss: 0.166
[45,    40] loss: 0.137
[45,    50] loss: 0.188
[45,    60] loss: 0.203
[45,    70] loss: 0.173
[45,    80] loss: 0.217
[45,    90] loss: 0.196
[45,   100] loss: 0.138
[45,   110] loss: 0.125
[45,   120] loss: 0.206
[45,   130] loss: 0.156
[45,   140] loss: 0.180
[45,   150] loss: 0.211
[45,   160] loss: 0.128
[45,   170] loss: 0.110
[45,   180] loss: 0.196
[45,   190] loss: 0.160
[45,   200] loss: 0.145
[45,   210] loss: 0.129
[45,   220] loss: 0.171
[45,   230] loss: 0.176
[45,   240] loss: 0.168
[45,   250] loss: 0.154
[45,   260] loss: 0.155
[45,   270] loss: 0.139
[45,   280] loss: 0.182
[45,   290] loss: 0.169
[45,   300] loss: 0.138
[45,   310] loss: 0.132
[45,   320] loss: 0.159
[45,   330] loss: 0.200
[45,   340] loss: 0.201
[45,   350] loss: 0.202
[45,   360] loss: 0.234
[45,   370] loss: 0.303
[45,   380] loss: 0.179
[45,   390] loss: 0.184
[45,   400] loss: 0.200
[45,   410] loss: 0.222
[45,   420] loss: 0.182
[45,   430] loss: 0.174
[45,   440] loss: 0.161
[45,   450] loss: 0.155
[45,   460] loss: 0.193
[45,   470] loss: 0.146
[45,   480] loss: 0.170
[45,   490] loss: 0.116
[45,   500] loss: 0.139
[45,   510] loss: 0.188
[45,   520] loss: 0.214
[45,   530] loss: 0.250
[45,   540] loss: 0.166
[45,   550] loss: 0.187
[45,   560] loss: 0.139
[45,   570] loss: 0.132
[45,   580] loss: 0.139
[45,   590] loss: 0.166
[45,   600] loss: 0.176
[45,   610] loss: 0.212
[45,   620] loss: 0.215
[45,   630] loss: 0.231
[45,   640] loss: 0.202
[45,   650] loss: 0.189
[45,   660] loss: 0.189
[45,   670] loss: 0.226
[45,   680] loss: 0.252
[45,   690] loss: 0.159
[45,   700] loss: 0.313
[45,   710] loss: 0.231
[45,   720] loss: 0.212
[45,   730] loss: 0.178
[45,   740] loss: 0.237
[45,   750] loss: 0.219
[45,   760] loss: 0.209
[45,   770] loss: 0.186
[45,   780] loss: 0.203
[45,   790] loss: 0.190
[45,   800] loss: 0.152
[45,   810] loss: 0.212
[45,   820] loss: 0.241
[45,   830] loss: 0.159
[45,   840] loss: 0.196
Average Loss for Epoch: 0.8575101614684535
[46,    10] loss: 0.291
[46,    20] loss: 0.128
[46,    30] loss: 0.136
[46,    40] loss: 0.121
[46,    50] loss: 0.196
[46,    60] loss: 0.228
[46,    70] loss: 0.155
[46,    80] loss: 0.168
[46,    90] loss: 0.153
[46,   100] loss: 0.159
[46,   110] loss: 0.146
[46,   120] loss: 0.110
[46,   130] loss: 0.171
[46,   140] loss: 0.146
[46,   150] loss: 0.168
[46,   160] loss: 0.106
[46,   170] loss: 0.184
[46,   180] loss: 0.162
[46,   190] loss: 0.141
[46,   200] loss: 0.097
[46,   210] loss: 0.175
[46,   220] loss: 0.144
[46,   230] loss: 0.164
[46,   240] loss: 0.155
[46,   250] loss: 0.163
[46,   260] loss: 0.197
[46,   270] loss: 0.181
[46,   280] loss: 0.192
[46,   290] loss: 0.154
[46,   300] loss: 0.142
[46,   310] loss: 0.192
[46,   320] loss: 0.194
[46,   330] loss: 0.188
[46,   340] loss: 0.224
[46,   350] loss: 0.198
[46,   360] loss: 0.263
[46,   370] loss: 0.190
[46,   380] loss: 0.163
[46,   390] loss: 0.135
[46,   400] loss: 0.253
[46,   410] loss: 0.146
[46,   420] loss: 0.187
[46,   430] loss: 0.179
[46,   440] loss: 0.159
[46,   450] loss: 0.158
[46,   460] loss: 0.174
[46,   470] loss: 0.227
[46,   480] loss: 0.175
[46,   490] loss: 0.166
[46,   500] loss: 0.194
[46,   510] loss: 0.275
[46,   520] loss: 0.179
[46,   530] loss: 0.159
[46,   540] loss: 0.188
[46,   550] loss: 0.214
[46,   560] loss: 0.249
[46,   570] loss: 0.221
[46,   580] loss: 0.105
[46,   590] loss: 0.201
[46,   600] loss: 0.184
[46,   610] loss: 0.195
[46,   620] loss: 0.223
[46,   630] loss: 0.164
[46,   640] loss: 0.224
[46,   650] loss: 0.169
[46,   660] loss: 0.138
[46,   670] loss: 0.214
[46,   680] loss: 0.144
[46,   690] loss: 0.241
[46,   700] loss: 0.208
[46,   710] loss: 0.186
[46,   720] loss: 0.146
[46,   730] loss: 0.160
[46,   740] loss: 0.177
[46,   750] loss: 0.187
[46,   760] loss: 0.222
[46,   770] loss: 0.192
[46,   780] loss: 0.177
[46,   790] loss: 0.151
[46,   800] loss: 0.185
[46,   810] loss: 0.179
[46,   820] loss: 0.139
[46,   830] loss: 0.177
[46,   840] loss: 0.161
Average Loss for Epoch: 0.8142293090574716
[47,    10] loss: 0.333
[47,    20] loss: 0.139
[47,    30] loss: 0.184
[47,    40] loss: 0.102
[47,    50] loss: 0.149
[47,    60] loss: 0.121
[47,    70] loss: 0.213
[47,    80] loss: 0.133
[47,    90] loss: 0.187
[47,   100] loss: 0.118
[47,   110] loss: 0.139
[47,   120] loss: 0.182
[47,   130] loss: 0.177
[47,   140] loss: 0.162
[47,   150] loss: 0.184
[47,   160] loss: 0.169
[47,   170] loss: 0.154
[47,   180] loss: 0.156
[47,   190] loss: 0.134
[47,   200] loss: 0.166
[47,   210] loss: 0.154
[47,   220] loss: 0.135
[47,   230] loss: 0.159
[47,   240] loss: 0.343
[47,   250] loss: 0.200
[47,   260] loss: 0.179
[47,   270] loss: 0.147
[47,   280] loss: 0.227
[47,   290] loss: 0.220
[47,   300] loss: 0.195
[47,   310] loss: 0.221
[47,   320] loss: 0.160
[47,   330] loss: 0.170
[47,   340] loss: 0.184
[47,   350] loss: 0.105
[47,   360] loss: 0.187
[47,   370] loss: 0.221
[47,   380] loss: 0.223
[47,   390] loss: 0.208
[47,   400] loss: 0.165
[47,   410] loss: 0.175
[47,   420] loss: 0.154
[47,   430] loss: 0.185
[47,   440] loss: 0.163
[47,   450] loss: 0.177
[47,   460] loss: 0.202
[47,   470] loss: 0.146
[47,   480] loss: 0.154
[47,   490] loss: 0.218
[47,   500] loss: 0.150
[47,   510] loss: 0.146
[47,   520] loss: 0.142
[47,   530] loss: 0.142
[47,   540] loss: 0.240
[47,   550] loss: 0.171
[47,   560] loss: 0.278
[47,   570] loss: 0.149
[47,   580] loss: 0.158
[47,   590] loss: 0.209
[47,   600] loss: 0.180
[47,   610] loss: 0.202
[47,   620] loss: 0.199
[47,   630] loss: 0.148
[47,   640] loss: 0.207
[47,   650] loss: 0.168
[47,   660] loss: 0.140
[47,   670] loss: 0.173
[47,   680] loss: 0.225
[47,   690] loss: 0.182
[47,   700] loss: 0.217
[47,   710] loss: 0.236
[47,   720] loss: 0.214
[47,   730] loss: 0.201
[47,   740] loss: 0.144
[47,   750] loss: 0.211
[47,   760] loss: 0.202
[47,   770] loss: 0.206
[47,   780] loss: 0.241
[47,   790] loss: 0.222
[47,   800] loss: 0.180
[47,   810] loss: 0.215
[47,   820] loss: 0.142
[47,   830] loss: 0.181
[47,   840] loss: 0.207
Average Loss for Epoch: 0.8153237396369577
[48,    10] loss: 0.317
[48,    20] loss: 0.237
[48,    30] loss: 0.224
[48,    40] loss: 0.188
[48,    50] loss: 0.222
[48,    60] loss: 0.223
[48,    70] loss: 0.214
[48,    80] loss: 0.192
[48,    90] loss: 0.153
[48,   100] loss: 0.151
[48,   110] loss: 0.172
[48,   120] loss: 0.156
[48,   130] loss: 0.153
[48,   140] loss: 0.151
[48,   150] loss: 0.152
[48,   160] loss: 0.125
[48,   170] loss: 0.156
[48,   180] loss: 0.175
[48,   190] loss: 0.160
[48,   200] loss: 0.154
[48,   210] loss: 0.157
[48,   220] loss: 0.128
[48,   230] loss: 0.144
[48,   240] loss: 0.138
[48,   250] loss: 0.166
[48,   260] loss: 0.165
[48,   270] loss: 0.161
[48,   280] loss: 0.193
[48,   290] loss: 0.155
[48,   300] loss: 0.181
[48,   310] loss: 0.141
[48,   320] loss: 0.127
[48,   330] loss: 0.184
[48,   340] loss: 0.155
[48,   350] loss: 0.197
[48,   360] loss: 0.173
[48,   370] loss: 0.283
[48,   380] loss: 0.251
[48,   390] loss: 0.186
[48,   400] loss: 0.244
[48,   410] loss: 0.152
[48,   420] loss: 0.133
[48,   430] loss: 0.197
[48,   440] loss: 0.221
[48,   450] loss: 0.214
[48,   460] loss: 0.173
[48,   470] loss: 0.161
[48,   480] loss: 0.225
[48,   490] loss: 0.158
[48,   500] loss: 0.224
[48,   510] loss: 0.201
[48,   520] loss: 0.222
[48,   530] loss: 0.236
[48,   540] loss: 0.179
[48,   550] loss: 0.215
[48,   560] loss: 0.156
[48,   570] loss: 0.215
[48,   580] loss: 0.205
[48,   590] loss: 0.169
[48,   600] loss: 0.222
[48,   610] loss: 0.230
[48,   620] loss: 0.240
[48,   630] loss: 0.199
[48,   640] loss: 0.228
[48,   650] loss: 0.286
[48,   660] loss: 0.149
[48,   670] loss: 0.220
[48,   680] loss: 0.194
[48,   690] loss: 0.201
[48,   700] loss: 0.236
[48,   710] loss: 0.251
[48,   720] loss: 0.198
[48,   730] loss: 0.175
[48,   740] loss: 0.126
[48,   750] loss: 0.146
[48,   760] loss: 0.150
[48,   770] loss: 0.161
[48,   780] loss: 0.216
[48,   790] loss: 0.182
[48,   800] loss: 0.222
[48,   810] loss: 0.181
[48,   820] loss: 0.259
[48,   830] loss: 0.178
[48,   840] loss: 0.248
Average Loss for Epoch: 0.8480992342181582
[49,    10] loss: 0.423
[49,    20] loss: 0.324
[49,    30] loss: 0.203
[49,    40] loss: 0.182
[49,    50] loss: 0.139
[49,    60] loss: 0.189
[49,    70] loss: 0.145
[49,    80] loss: 0.191
[49,    90] loss: 0.188
[49,   100] loss: 0.169
[49,   110] loss: 0.175
[49,   120] loss: 0.162
[49,   130] loss: 0.182
[49,   140] loss: 0.156
[49,   150] loss: 0.203
[49,   160] loss: 0.192
[49,   170] loss: 0.216
[49,   180] loss: 0.188
[49,   190] loss: 0.118
[49,   200] loss: 0.157
[49,   210] loss: 0.214
[49,   220] loss: 0.197
[49,   230] loss: 0.149
[49,   240] loss: 0.152
[49,   250] loss: 0.148
[49,   260] loss: 0.163
[49,   270] loss: 0.127
[49,   280] loss: 0.132
[49,   290] loss: 0.154
[49,   300] loss: 0.104
[49,   310] loss: 0.153
[49,   320] loss: 0.179
[49,   330] loss: 0.215
